---
source: lex-parser/tests/tokenizer_elements.rs
expression: tokens
---
[
    (
        Text(
            "A",
        ),
        0..1,
    ),
    (
        Period,
        1..2,
    ),
    (
        Whitespace(
            1,
        ),
        2..3,
    ),
    (
        Text(
            "First",
        ),
        3..8,
    ),
    (
        Whitespace(
            1,
        ),
        8..9,
    ),
    (
        Text(
            "Section",
        ),
        9..16,
    ),
    (
        Colon,
        16..17,
    ),
    (
        BlankLine(
            Some(
                "\n",
            ),
        ),
        17..18,
    ),
    (
        BlankLine(
            Some(
                "\n",
            ),
        ),
        18..19,
    ),
    (
        Indent(
            [
                (
                    Indentation,
                    19..23,
                ),
            ],
        ),
        0..0,
    ),
    (
        Text(
            "Sessions",
        ),
        23..31,
    ),
    (
        Whitespace(
            1,
        ),
        31..32,
    ),
    (
        Text(
            "can",
        ),
        32..35,
    ),
    (
        Whitespace(
            1,
        ),
        35..36,
    ),
    (
        Text(
            "have",
        ),
        36..40,
    ),
    (
        Whitespace(
            1,
        ),
        40..41,
    ),
    (
        Text(
            "alphabetical",
        ),
        41..53,
    ),
    (
        Whitespace(
            1,
        ),
        53..54,
    ),
    (
        Text(
            "markers",
        ),
        54..61,
    ),
    (
        Whitespace(
            1,
        ),
        61..62,
    ),
    (
        Text(
            "in",
        ),
        62..64,
    ),
    (
        Whitespace(
            1,
        ),
        64..65,
    ),
    (
        Text(
            "their",
        ),
        65..70,
    ),
    (
        Whitespace(
            1,
        ),
        70..71,
    ),
    (
        Text(
            "titles",
        ),
        71..77,
    ),
    (
        Period,
        77..78,
    ),
    (
        BlankLine(
            Some(
                "\n",
            ),
        ),
        78..79,
    ),
    (
        Dedent(
            [],
        ),
        0..0,
    ),
]
