---
source: lex-parser/tests/tokenizer_elements.rs
expression: tokens
---
[
    (
        Text(
            "Test",
        ),
        0..4,
    ),
    (
        Colon,
        4..5,
    ),
    (
        BlankLine(
            Some(
                "\n",
            ),
        ),
        5..6,
    ),
    (
        BlankLine(
            Some(
                "\n",
            ),
        ),
        6..7,
    ),
    (
        Dash,
        7..8,
    ),
    (
        Whitespace(
            1,
        ),
        8..9,
    ),
    (
        Text(
            "First",
        ),
        9..14,
    ),
    (
        Whitespace(
            1,
        ),
        14..15,
    ),
    (
        Text(
            "outer",
        ),
        15..20,
    ),
    (
        Whitespace(
            1,
        ),
        20..21,
    ),
    (
        Text(
            "item",
        ),
        21..25,
    ),
    (
        BlankLine(
            Some(
                "\n",
            ),
        ),
        25..26,
    ),
    (
        Indent(
            [
                (
                    Indentation,
                    26..30,
                ),
            ],
        ),
        0..0,
    ),
    (
        Dash,
        30..31,
    ),
    (
        Whitespace(
            1,
        ),
        31..32,
    ),
    (
        Text(
            "First",
        ),
        32..37,
    ),
    (
        Whitespace(
            1,
        ),
        37..38,
    ),
    (
        Text(
            "nested",
        ),
        38..44,
    ),
    (
        Whitespace(
            1,
        ),
        44..45,
    ),
    (
        Text(
            "item",
        ),
        45..49,
    ),
    (
        BlankLine(
            Some(
                "\n",
            ),
        ),
        49..50,
    ),
    (
        Dash,
        54..55,
    ),
    (
        Whitespace(
            1,
        ),
        55..56,
    ),
    (
        Text(
            "Second",
        ),
        56..62,
    ),
    (
        Whitespace(
            1,
        ),
        62..63,
    ),
    (
        Text(
            "nested",
        ),
        63..69,
    ),
    (
        Whitespace(
            1,
        ),
        69..70,
    ),
    (
        Text(
            "item",
        ),
        70..74,
    ),
    (
        BlankLine(
            Some(
                "\n",
            ),
        ),
        74..75,
    ),
    (
        BlankLine(
            Some(
                "\n",
            ),
        ),
        75..76,
    ),
    (
        Dedent(
            [],
        ),
        0..0,
    ),
    (
        Dash,
        76..77,
    ),
    (
        Whitespace(
            1,
        ),
        77..78,
    ),
    (
        Text(
            "Second",
        ),
        78..84,
    ),
    (
        Whitespace(
            1,
        ),
        84..85,
    ),
    (
        Text(
            "outer",
        ),
        85..90,
    ),
    (
        Whitespace(
            1,
        ),
        90..91,
    ),
    (
        Text(
            "item",
        ),
        91..95,
    ),
    (
        BlankLine(
            Some(
                "\n",
            ),
        ),
        95..96,
    ),
    (
        Indent(
            [
                (
                    Indentation,
                    96..100,
                ),
            ],
        ),
        0..0,
    ),
    (
        Dash,
        100..101,
    ),
    (
        Whitespace(
            1,
        ),
        101..102,
    ),
    (
        Text(
            "Another",
        ),
        102..109,
    ),
    (
        Whitespace(
            1,
        ),
        109..110,
    ),
    (
        Text(
            "nested",
        ),
        110..116,
    ),
    (
        Whitespace(
            1,
        ),
        116..117,
    ),
    (
        Text(
            "item",
        ),
        117..121,
    ),
    (
        BlankLine(
            Some(
                "\n",
            ),
        ),
        121..122,
    ),
    (
        Dedent(
            [],
        ),
        0..0,
    ),
]
