---
source: tests/tokenizer_documents.rs
expression: tokens
---
[
    (
        Text(
            "Paragraphs",
        ),
        0..10,
    ),
    (
        Whitespace(
            1,
        ),
        10..11,
    ),
    (
        Text(
            "vs",
        ),
        11..13,
    ),
    (
        Whitespace(
            1,
        ),
        13..14,
    ),
    (
        Text(
            "Lists",
        ),
        14..19,
    ),
    (
        Whitespace(
            1,
        ),
        19..20,
    ),
    (
        Text(
            "Disambiguation",
        ),
        20..34,
    ),
    (
        Whitespace(
            1,
        ),
        34..35,
    ),
    (
        Text(
            "Test",
        ),
        35..39,
    ),
    (
        Whitespace(
            1,
        ),
        39..40,
    ),
    (
        Text(
            "{{paragraph}}",
        ),
        40..53,
    ),
    (
        BlankLine(
            Some(
                "\n",
            ),
        ),
        53..54,
    ),
    (
        BlankLine(
            Some(
                "\n",
            ),
        ),
        54..55,
    ),
    (
        Text(
            "This",
        ),
        55..59,
    ),
    (
        Whitespace(
            1,
        ),
        59..60,
    ),
    (
        Text(
            "document",
        ),
        60..68,
    ),
    (
        Whitespace(
            1,
        ),
        68..69,
    ),
    (
        Text(
            "tests",
        ),
        69..74,
    ),
    (
        Whitespace(
            1,
        ),
        74..75,
    ),
    (
        Text(
            "the",
        ),
        75..78,
    ),
    (
        Whitespace(
            1,
        ),
        78..79,
    ),
    (
        Text(
            "disambiguation",
        ),
        79..93,
    ),
    (
        Whitespace(
            1,
        ),
        93..94,
    ),
    (
        Text(
            "between",
        ),
        94..101,
    ),
    (
        Whitespace(
            1,
        ),
        101..102,
    ),
    (
        Text(
            "paragraphs",
        ),
        102..112,
    ),
    (
        Whitespace(
            1,
        ),
        112..113,
    ),
    (
        Text(
            "and",
        ),
        113..116,
    ),
    (
        Whitespace(
            1,
        ),
        116..117,
    ),
    (
        Text(
            "lists",
        ),
        117..122,
    ),
    (
        Comma,
        122..123,
    ),
    (
        Whitespace(
            1,
        ),
        123..124,
    ),
    (
        Text(
            "including",
        ),
        124..133,
    ),
    (
        Whitespace(
            1,
        ),
        133..134,
    ),
    (
        Text(
            "edge",
        ),
        134..138,
    ),
    (
        Whitespace(
            1,
        ),
        138..139,
    ),
    (
        Text(
            "cases",
        ),
        139..144,
    ),
    (
        Period,
        144..145,
    ),
    (
        Whitespace(
            1,
        ),
        145..146,
    ),
    (
        Text(
            "{{paragraph}}",
        ),
        146..159,
    ),
    (
        BlankLine(
            Some(
                "\n",
            ),
        ),
        159..160,
    ),
    (
        BlankLine(
            Some(
                "\n",
            ),
        ),
        160..161,
    ),
    (
        Text(
            "Single",
        ),
        161..167,
    ),
    (
        Whitespace(
            1,
        ),
        167..168,
    ),
    (
        Text(
            "item",
        ),
        168..172,
    ),
    (
        Whitespace(
            1,
        ),
        172..173,
    ),
    (
        Text(
            "with",
        ),
        173..177,
    ),
    (
        Whitespace(
            1,
        ),
        177..178,
    ),
    (
        Text(
            "dash",
        ),
        178..182,
    ),
    (
        Whitespace(
            1,
        ),
        182..183,
    ),
    (
        OpenParen,
        183..184,
    ),
    (
        Text(
            "illegal",
        ),
        184..191,
    ),
    (
        Whitespace(
            1,
        ),
        191..192,
    ),
    (
        Text(
            "list",
        ),
        192..196,
    ),
    (
        Comma,
        196..197,
    ),
    (
        Whitespace(
            1,
        ),
        197..198,
    ),
    (
        Text(
            "becomes",
        ),
        198..205,
    ),
    (
        Whitespace(
            1,
        ),
        205..206,
    ),
    (
        Text(
            "paragraph",
        ),
        206..215,
    ),
    (
        CloseParen,
        215..216,
    ),
    (
        Colon,
        216..217,
    ),
    (
        Whitespace(
            1,
        ),
        217..218,
    ),
    (
        Text(
            "{{paragraph}}",
        ),
        218..231,
    ),
    (
        BlankLine(
            Some(
                "\n",
            ),
        ),
        231..232,
    ),
    (
        Dash,
        232..233,
    ),
    (
        Whitespace(
            1,
        ),
        233..234,
    ),
    (
        Text(
            "This",
        ),
        234..238,
    ),
    (
        Whitespace(
            1,
        ),
        238..239,
    ),
    (
        Text(
            "is",
        ),
        239..241,
    ),
    (
        Whitespace(
            1,
        ),
        241..242,
    ),
    (
        Text(
            "not",
        ),
        242..245,
    ),
    (
        Whitespace(
            1,
        ),
        245..246,
    ),
    (
        Text(
            "a",
        ),
        246..247,
    ),
    (
        Whitespace(
            1,
        ),
        247..248,
    ),
    (
        Text(
            "list",
        ),
        248..252,
    ),
    (
        Whitespace(
            1,
        ),
        252..253,
    ),
    (
        Text(
            "{{paragraph}}",
        ),
        253..266,
    ),
    (
        BlankLine(
            Some(
                "\n",
            ),
        ),
        266..267,
    ),
    (
        BlankLine(
            Some(
                "\n",
            ),
        ),
        267..268,
    ),
    (
        Text(
            "Single",
        ),
        268..274,
    ),
    (
        Whitespace(
            1,
        ),
        274..275,
    ),
    (
        Text(
            "item",
        ),
        275..279,
    ),
    (
        Whitespace(
            1,
        ),
        279..280,
    ),
    (
        Text(
            "with",
        ),
        280..284,
    ),
    (
        Whitespace(
            1,
        ),
        284..285,
    ),
    (
        Text(
            "number",
        ),
        285..291,
    ),
    (
        Whitespace(
            1,
        ),
        291..292,
    ),
    (
        OpenParen,
        292..293,
    ),
    (
        Text(
            "illegal",
        ),
        293..300,
    ),
    (
        Whitespace(
            1,
        ),
        300..301,
    ),
    (
        Text(
            "list",
        ),
        301..305,
    ),
    (
        Comma,
        305..306,
    ),
    (
        Whitespace(
            1,
        ),
        306..307,
    ),
    (
        Text(
            "becomes",
        ),
        307..314,
    ),
    (
        Whitespace(
            1,
        ),
        314..315,
    ),
    (
        Text(
            "paragraph",
        ),
        315..324,
    ),
    (
        CloseParen,
        324..325,
    ),
    (
        Colon,
        325..326,
    ),
    (
        Whitespace(
            1,
        ),
        326..327,
    ),
    (
        Text(
            "{{paragraph}}",
        ),
        327..340,
    ),
    (
        BlankLine(
            Some(
                "\n",
            ),
        ),
        340..341,
    ),
    (
        Number(
            "1",
        ),
        341..342,
    ),
    (
        Period,
        342..343,
    ),
    (
        Whitespace(
            1,
        ),
        343..344,
    ),
    (
        Text(
            "This",
        ),
        344..348,
    ),
    (
        Whitespace(
            1,
        ),
        348..349,
    ),
    (
        Text(
            "is",
        ),
        349..351,
    ),
    (
        Whitespace(
            1,
        ),
        351..352,
    ),
    (
        Text(
            "also",
        ),
        352..356,
    ),
    (
        Whitespace(
            1,
        ),
        356..357,
    ),
    (
        Text(
            "not",
        ),
        357..360,
    ),
    (
        Whitespace(
            1,
        ),
        360..361,
    ),
    (
        Text(
            "a",
        ),
        361..362,
    ),
    (
        Whitespace(
            1,
        ),
        362..363,
    ),
    (
        Text(
            "list",
        ),
        363..367,
    ),
    (
        Whitespace(
            1,
        ),
        367..368,
    ),
    (
        Text(
            "{{paragraph}}",
        ),
        368..381,
    ),
    (
        BlankLine(
            Some(
                "\n",
            ),
        ),
        381..382,
    ),
    (
        BlankLine(
            Some(
                "\n",
            ),
        ),
        382..383,
    ),
    (
        Text(
            "Lists",
        ),
        383..388,
    ),
    (
        Whitespace(
            1,
        ),
        388..389,
    ),
    (
        Text(
            "require",
        ),
        389..396,
    ),
    (
        Whitespace(
            1,
        ),
        396..397,
    ),
    (
        Text(
            "at",
        ),
        397..399,
    ),
    (
        Whitespace(
            1,
        ),
        399..400,
    ),
    (
        Text(
            "least",
        ),
        400..405,
    ),
    (
        Whitespace(
            1,
        ),
        405..406,
    ),
    (
        Text(
            "two",
        ),
        406..409,
    ),
    (
        Whitespace(
            1,
        ),
        409..410,
    ),
    (
        Text(
            "items",
        ),
        410..415,
    ),
    (
        Colon,
        415..416,
    ),
    (
        Whitespace(
            1,
        ),
        416..417,
    ),
    (
        Text(
            "{{paragraph}}",
        ),
        417..430,
    ),
    (
        BlankLine(
            Some(
                "\n",
            ),
        ),
        430..431,
    ),
    (
        BlankLine(
            Some(
                "\n",
            ),
        ),
        431..432,
    ),
    (
        Dash,
        432..433,
    ),
    (
        Whitespace(
            1,
        ),
        433..434,
    ),
    (
        Text(
            "First",
        ),
        434..439,
    ),
    (
        Whitespace(
            1,
        ),
        439..440,
    ),
    (
        Text(
            "item",
        ),
        440..444,
    ),
    (
        Whitespace(
            1,
        ),
        444..445,
    ),
    (
        Text(
            "{{list",
        ),
        445..451,
    ),
    (
        Dash,
        451..452,
    ),
    (
        Text(
            "item}}",
        ),
        452..458,
    ),
    (
        BlankLine(
            Some(
                "\n",
            ),
        ),
        458..459,
    ),
    (
        Dash,
        459..460,
    ),
    (
        Whitespace(
            1,
        ),
        460..461,
    ),
    (
        Text(
            "Second",
        ),
        461..467,
    ),
    (
        Whitespace(
            1,
        ),
        467..468,
    ),
    (
        Text(
            "item",
        ),
        468..472,
    ),
    (
        Whitespace(
            1,
        ),
        472..473,
    ),
    (
        Text(
            "{{list",
        ),
        473..479,
    ),
    (
        Dash,
        479..480,
    ),
    (
        Text(
            "item}}",
        ),
        480..486,
    ),
    (
        BlankLine(
            Some(
                "\n",
            ),
        ),
        486..487,
    ),
    (
        BlankLine(
            Some(
                "\n",
            ),
        ),
        487..488,
    ),
    (
        Text(
            "Paragraph",
        ),
        488..497,
    ),
    (
        Whitespace(
            1,
        ),
        497..498,
    ),
    (
        Text(
            "followed",
        ),
        498..506,
    ),
    (
        Whitespace(
            1,
        ),
        506..507,
    ),
    (
        Text(
            "by",
        ),
        507..509,
    ),
    (
        Whitespace(
            1,
        ),
        509..510,
    ),
    (
        Text(
            "list",
        ),
        510..514,
    ),
    (
        Whitespace(
            1,
        ),
        514..515,
    ),
    (
        Text(
            "WITH",
        ),
        515..519,
    ),
    (
        Whitespace(
            1,
        ),
        519..520,
    ),
    (
        Text(
            "blank",
        ),
        520..525,
    ),
    (
        Whitespace(
            1,
        ),
        525..526,
    ),
    (
        Text(
            "line",
        ),
        526..530,
    ),
    (
        Whitespace(
            1,
        ),
        530..531,
    ),
    (
        OpenParen,
        531..532,
    ),
    (
        Text(
            "required",
        ),
        532..540,
    ),
    (
        CloseParen,
        540..541,
    ),
    (
        Colon,
        541..542,
    ),
    (
        Whitespace(
            1,
        ),
        542..543,
    ),
    (
        Text(
            "{{paragraph}}",
        ),
        543..556,
    ),
    (
        BlankLine(
            Some(
                "\n",
            ),
        ),
        556..557,
    ),
    (
        BlankLine(
            Some(
                "\n",
            ),
        ),
        557..558,
    ),
    (
        Dash,
        558..559,
    ),
    (
        Whitespace(
            1,
        ),
        559..560,
    ),
    (
        Text(
            "This",
        ),
        560..564,
    ),
    (
        Whitespace(
            1,
        ),
        564..565,
    ),
    (
        Text(
            "is",
        ),
        565..567,
    ),
    (
        Whitespace(
            1,
        ),
        567..568,
    ),
    (
        Text(
            "a",
        ),
        568..569,
    ),
    (
        Whitespace(
            1,
        ),
        569..570,
    ),
    (
        Text(
            "list",
        ),
        570..574,
    ),
    (
        Whitespace(
            1,
        ),
        574..575,
    ),
    (
        Text(
            "{{list",
        ),
        575..581,
    ),
    (
        Dash,
        581..582,
    ),
    (
        Text(
            "item}}",
        ),
        582..588,
    ),
    (
        BlankLine(
            Some(
                "\n",
            ),
        ),
        588..589,
    ),
    (
        Dash,
        589..590,
    ),
    (
        Whitespace(
            1,
        ),
        590..591,
    ),
    (
        Text(
            "Blank",
        ),
        591..596,
    ),
    (
        Whitespace(
            1,
        ),
        596..597,
    ),
    (
        Text(
            "line",
        ),
        597..601,
    ),
    (
        Whitespace(
            1,
        ),
        601..602,
    ),
    (
        Text(
            "required",
        ),
        602..610,
    ),
    (
        Whitespace(
            1,
        ),
        610..611,
    ),
    (
        Text(
            "before",
        ),
        611..617,
    ),
    (
        Whitespace(
            1,
        ),
        617..618,
    ),
    (
        Text(
            "list",
        ),
        618..622,
    ),
    (
        Whitespace(
            1,
        ),
        622..623,
    ),
    (
        Text(
            "{{list",
        ),
        623..629,
    ),
    (
        Dash,
        629..630,
    ),
    (
        Text(
            "item}}",
        ),
        630..636,
    ),
    (
        BlankLine(
            Some(
                "\n",
            ),
        ),
        636..637,
    ),
    (
        BlankLine(
            Some(
                "\n",
            ),
        ),
        637..638,
    ),
    (
        Text(
            "List",
        ),
        638..642,
    ),
    (
        Whitespace(
            1,
        ),
        642..643,
    ),
    (
        Text(
            "followed",
        ),
        643..651,
    ),
    (
        Whitespace(
            1,
        ),
        651..652,
    ),
    (
        Text(
            "by",
        ),
        652..654,
    ),
    (
        Whitespace(
            1,
        ),
        654..655,
    ),
    (
        Text(
            "paragraph",
        ),
        655..664,
    ),
    (
        Whitespace(
            1,
        ),
        664..665,
    ),
    (
        Text(
            "without",
        ),
        665..672,
    ),
    (
        Whitespace(
            1,
        ),
        672..673,
    ),
    (
        Text(
            "blank",
        ),
        673..678,
    ),
    (
        Whitespace(
            1,
        ),
        678..679,
    ),
    (
        Text(
            "line",
        ),
        679..683,
    ),
    (
        Colon,
        683..684,
    ),
    (
        Whitespace(
            1,
        ),
        684..685,
    ),
    (
        Text(
            "{{paragraph}}",
        ),
        685..698,
    ),
    (
        BlankLine(
            Some(
                "\n",
            ),
        ),
        698..699,
    ),
    (
        BlankLine(
            Some(
                "\n",
            ),
        ),
        699..700,
    ),
    (
        Dash,
        700..701,
    ),
    (
        Whitespace(
            1,
        ),
        701..702,
    ),
    (
        Text(
            "Last",
        ),
        702..706,
    ),
    (
        Whitespace(
            1,
        ),
        706..707,
    ),
    (
        Text(
            "list",
        ),
        707..711,
    ),
    (
        Whitespace(
            1,
        ),
        711..712,
    ),
    (
        Text(
            "item",
        ),
        712..716,
    ),
    (
        Whitespace(
            1,
        ),
        716..717,
    ),
    (
        Text(
            "{{list",
        ),
        717..723,
    ),
    (
        Dash,
        723..724,
    ),
    (
        Text(
            "item}}",
        ),
        724..730,
    ),
    (
        BlankLine(
            Some(
                "\n",
            ),
        ),
        730..731,
    ),
    (
        Dash,
        731..732,
    ),
    (
        Whitespace(
            1,
        ),
        732..733,
    ),
    (
        Text(
            "Another",
        ),
        733..740,
    ),
    (
        Whitespace(
            1,
        ),
        740..741,
    ),
    (
        Text(
            "list",
        ),
        741..745,
    ),
    (
        Whitespace(
            1,
        ),
        745..746,
    ),
    (
        Text(
            "item",
        ),
        746..750,
    ),
    (
        Whitespace(
            1,
        ),
        750..751,
    ),
    (
        Text(
            "{{list",
        ),
        751..757,
    ),
    (
        Dash,
        757..758,
    ),
    (
        Text(
            "item}}",
        ),
        758..764,
    ),
    (
        BlankLine(
            Some(
                "\n",
            ),
        ),
        764..765,
    ),
    (
        BlankLine(
            Some(
                "\n",
            ),
        ),
        765..766,
    ),
    (
        Text(
            "This",
        ),
        766..770,
    ),
    (
        Whitespace(
            1,
        ),
        770..771,
    ),
    (
        Text(
            "paragraph",
        ),
        771..780,
    ),
    (
        Whitespace(
            1,
        ),
        780..781,
    ),
    (
        Text(
            "follows",
        ),
        781..788,
    ),
    (
        Whitespace(
            1,
        ),
        788..789,
    ),
    (
        Text(
            "after",
        ),
        789..794,
    ),
    (
        Whitespace(
            1,
        ),
        794..795,
    ),
    (
        Text(
            "blank",
        ),
        795..800,
    ),
    (
        Whitespace(
            1,
        ),
        800..801,
    ),
    (
        Text(
            "line",
        ),
        801..805,
    ),
    (
        Whitespace(
            1,
        ),
        805..806,
    ),
    (
        Text(
            "{{paragraph}}",
        ),
        806..819,
    ),
    (
        BlankLine(
            Some(
                "\n",
            ),
        ),
        819..820,
    ),
    (
        BlankLine(
            Some(
                "\n",
            ),
        ),
        820..821,
    ),
    (
        Text(
            "Blank",
        ),
        821..826,
    ),
    (
        Whitespace(
            1,
        ),
        826..827,
    ),
    (
        Text(
            "lines",
        ),
        827..832,
    ),
    (
        Whitespace(
            1,
        ),
        832..833,
    ),
    (
        Text(
            "between",
        ),
        833..840,
    ),
    (
        Whitespace(
            1,
        ),
        840..841,
    ),
    (
        Text(
            "list",
        ),
        841..845,
    ),
    (
        Whitespace(
            1,
        ),
        845..846,
    ),
    (
        Text(
            "items",
        ),
        846..851,
    ),
    (
        Whitespace(
            1,
        ),
        851..852,
    ),
    (
        OpenParen,
        852..853,
    ),
    (
        Text(
            "illegal",
        ),
        853..860,
    ),
    (
        Comma,
        860..861,
    ),
    (
        Whitespace(
            1,
        ),
        861..862,
    ),
    (
        Text(
            "becomes",
        ),
        862..869,
    ),
    (
        Whitespace(
            1,
        ),
        869..870,
    ),
    (
        Text(
            "separate",
        ),
        870..878,
    ),
    (
        Whitespace(
            1,
        ),
        878..879,
    ),
    (
        Text(
            "paragraphs",
        ),
        879..889,
    ),
    (
        CloseParen,
        889..890,
    ),
    (
        Colon,
        890..891,
    ),
    (
        Whitespace(
            1,
        ),
        891..892,
    ),
    (
        Text(
            "{{paragraph}}",
        ),
        892..905,
    ),
    (
        BlankLine(
            Some(
                "\n",
            ),
        ),
        905..906,
    ),
    (
        Dash,
        906..907,
    ),
    (
        Whitespace(
            1,
        ),
        907..908,
    ),
    (
        Text(
            "This",
        ),
        908..912,
    ),
    (
        Whitespace(
            1,
        ),
        912..913,
    ),
    (
        Text(
            "is",
        ),
        913..915,
    ),
    (
        Whitespace(
            1,
        ),
        915..916,
    ),
    (
        Text(
            "not",
        ),
        916..919,
    ),
    (
        Whitespace(
            1,
        ),
        919..920,
    ),
    (
        Text(
            "{{paragraph}}",
        ),
        920..933,
    ),
    (
        BlankLine(
            Some(
                "\n",
            ),
        ),
        933..934,
    ),
    (
        BlankLine(
            Some(
                "\n",
            ),
        ),
        934..935,
    ),
    (
        Dash,
        935..936,
    ),
    (
        Whitespace(
            1,
        ),
        936..937,
    ),
    (
        Text(
            "A",
        ),
        937..938,
    ),
    (
        Whitespace(
            1,
        ),
        938..939,
    ),
    (
        Text(
            "list",
        ),
        939..943,
    ),
    (
        Whitespace(
            1,
        ),
        943..944,
    ),
    (
        Text(
            "{{paragraph}}",
        ),
        944..957,
    ),
    (
        BlankLine(
            Some(
                "\n",
            ),
        ),
        957..958,
    ),
    (
        BlankLine(
            Some(
                "\n",
            ),
        ),
        958..959,
    ),
    (
        Text(
            "Proper",
        ),
        959..965,
    ),
    (
        Whitespace(
            1,
        ),
        965..966,
    ),
    (
        Text(
            "list",
        ),
        966..970,
    ),
    (
        Whitespace(
            1,
        ),
        970..971,
    ),
    (
        Text(
            "with",
        ),
        971..975,
    ),
    (
        Whitespace(
            1,
        ),
        975..976,
    ),
    (
        Text(
            "blank",
        ),
        976..981,
    ),
    (
        Whitespace(
            1,
        ),
        981..982,
    ),
    (
        Text(
            "lines",
        ),
        982..987,
    ),
    (
        Whitespace(
            1,
        ),
        987..988,
    ),
    (
        Text(
            "around",
        ),
        988..994,
    ),
    (
        Whitespace(
            1,
        ),
        994..995,
    ),
    (
        Text(
            "it",
        ),
        995..997,
    ),
    (
        Colon,
        997..998,
    ),
    (
        Whitespace(
            1,
        ),
        998..999,
    ),
    (
        Text(
            "{{paragraph}}",
        ),
        999..1012,
    ),
    (
        BlankLine(
            Some(
                "\n",
            ),
        ),
        1012..1013,
    ),
    (
        BlankLine(
            Some(
                "\n",
            ),
        ),
        1013..1014,
    ),
    (
        Dash,
        1014..1015,
    ),
    (
        Whitespace(
            1,
        ),
        1015..1016,
    ),
    (
        Text(
            "First",
        ),
        1016..1021,
    ),
    (
        Whitespace(
            1,
        ),
        1021..1022,
    ),
    (
        Text(
            "proper",
        ),
        1022..1028,
    ),
    (
        Whitespace(
            1,
        ),
        1028..1029,
    ),
    (
        Text(
            "list",
        ),
        1029..1033,
    ),
    (
        Whitespace(
            1,
        ),
        1033..1034,
    ),
    (
        Text(
            "item",
        ),
        1034..1038,
    ),
    (
        Whitespace(
            1,
        ),
        1038..1039,
    ),
    (
        Text(
            "{{list",
        ),
        1039..1045,
    ),
    (
        Dash,
        1045..1046,
    ),
    (
        Text(
            "item}}",
        ),
        1046..1052,
    ),
    (
        BlankLine(
            Some(
                "\n",
            ),
        ),
        1052..1053,
    ),
    (
        Dash,
        1053..1054,
    ),
    (
        Whitespace(
            1,
        ),
        1054..1055,
    ),
    (
        Text(
            "Second",
        ),
        1055..1061,
    ),
    (
        Whitespace(
            1,
        ),
        1061..1062,
    ),
    (
        Text(
            "proper",
        ),
        1062..1068,
    ),
    (
        Whitespace(
            1,
        ),
        1068..1069,
    ),
    (
        Text(
            "list",
        ),
        1069..1073,
    ),
    (
        Whitespace(
            1,
        ),
        1073..1074,
    ),
    (
        Text(
            "item",
        ),
        1074..1078,
    ),
    (
        Whitespace(
            1,
        ),
        1078..1079,
    ),
    (
        Text(
            "{{list",
        ),
        1079..1085,
    ),
    (
        Dash,
        1085..1086,
    ),
    (
        Text(
            "item}}",
        ),
        1086..1092,
    ),
    (
        BlankLine(
            Some(
                "\n",
            ),
        ),
        1092..1093,
    ),
    (
        BlankLine(
            Some(
                "\n",
            ),
        ),
        1093..1094,
    ),
    (
        Text(
            "Paragraph",
        ),
        1094..1103,
    ),
    (
        Whitespace(
            1,
        ),
        1103..1104,
    ),
    (
        Text(
            "after",
        ),
        1104..1109,
    ),
    (
        Whitespace(
            1,
        ),
        1109..1110,
    ),
    (
        Text(
            "proper",
        ),
        1110..1116,
    ),
    (
        Whitespace(
            1,
        ),
        1116..1117,
    ),
    (
        Text(
            "list",
        ),
        1117..1121,
    ),
    (
        Period,
        1121..1122,
    ),
    (
        Whitespace(
            1,
        ),
        1122..1123,
    ),
    (
        Text(
            "{{paragraph}}",
        ),
        1123..1136,
    ),
    (
        BlankLine(
            Some(
                "\n",
            ),
        ),
        1136..1137,
    ),
    (
        BlankLine(
            Some(
                "\n",
            ),
        ),
        1137..1138,
    ),
    (
        Text(
            "Valid",
        ),
        1138..1143,
    ),
    (
        Whitespace(
            1,
        ),
        1143..1144,
    ),
    (
        Text(
            "mixed",
        ),
        1144..1149,
    ),
    (
        Whitespace(
            1,
        ),
        1149..1150,
    ),
    (
        Text(
            "decoration",
        ),
        1150..1160,
    ),
    (
        Whitespace(
            1,
        ),
        1160..1161,
    ),
    (
        Text(
            "list",
        ),
        1161..1165,
    ),
    (
        Colon,
        1165..1166,
    ),
    (
        Whitespace(
            1,
        ),
        1166..1167,
    ),
    (
        Text(
            "{{paragraph}}",
        ),
        1167..1180,
    ),
    (
        BlankLine(
            Some(
                "\n",
            ),
        ),
        1180..1181,
    ),
    (
        BlankLine(
            Some(
                "\n",
            ),
        ),
        1181..1182,
    ),
    (
        Dash,
        1182..1183,
    ),
    (
        Whitespace(
            1,
        ),
        1183..1184,
    ),
    (
        Text(
            "First",
        ),
        1184..1189,
    ),
    (
        Whitespace(
            1,
        ),
        1189..1190,
    ),
    (
        Text(
            "item",
        ),
        1190..1194,
    ),
    (
        Whitespace(
            1,
        ),
        1194..1195,
    ),
    (
        Text(
            "{{list",
        ),
        1195..1201,
    ),
    (
        Dash,
        1201..1202,
    ),
    (
        Text(
            "item}}",
        ),
        1202..1208,
    ),
    (
        BlankLine(
            Some(
                "\n",
            ),
        ),
        1208..1209,
    ),
    (
        Number(
            "1",
        ),
        1209..1210,
    ),
    (
        Period,
        1210..1211,
    ),
    (
        Whitespace(
            1,
        ),
        1211..1212,
    ),
    (
        Text(
            "Second",
        ),
        1212..1218,
    ),
    (
        Whitespace(
            1,
        ),
        1218..1219,
    ),
    (
        Text(
            "item",
        ),
        1219..1223,
    ),
    (
        Whitespace(
            1,
        ),
        1223..1224,
    ),
    (
        Text(
            "{{list",
        ),
        1224..1230,
    ),
    (
        Dash,
        1230..1231,
    ),
    (
        Text(
            "item}}",
        ),
        1231..1237,
    ),
    (
        BlankLine(
            Some(
                "\n",
            ),
        ),
        1237..1238,
    ),
    (
        Text(
            "a",
        ),
        1238..1239,
    ),
    (
        Period,
        1239..1240,
    ),
    (
        Whitespace(
            1,
        ),
        1240..1241,
    ),
    (
        Text(
            "Third",
        ),
        1241..1246,
    ),
    (
        Whitespace(
            1,
        ),
        1246..1247,
    ),
    (
        Text(
            "item",
        ),
        1247..1251,
    ),
    (
        Whitespace(
            1,
        ),
        1251..1252,
    ),
    (
        Text(
            "{{list",
        ),
        1252..1258,
    ),
    (
        Dash,
        1258..1259,
    ),
    (
        Text(
            "item}}",
        ),
        1259..1265,
    ),
    (
        BlankLine(
            Some(
                "\n",
            ),
        ),
        1265..1266,
    ),
]
