---
source: lex-parser/tests/tokenizer_elements.rs
expression: tokens
---
[
    (
        LexMarker,
        0..2,
    ),
    (
        Whitespace(
            1,
        ),
        2..3,
    ),
    (
        Text(
            "note",
        ),
        3..7,
    ),
    (
        Whitespace(
            1,
        ),
        7..8,
    ),
    (
        Text(
            "author",
        ),
        8..14,
    ),
    (
        Equals,
        14..15,
    ),
    (
        Quote,
        15..16,
    ),
    (
        Text(
            "Jane",
        ),
        16..20,
    ),
    (
        Whitespace(
            1,
        ),
        20..21,
    ),
    (
        Text(
            "Doe",
        ),
        21..24,
    ),
    (
        Quote,
        24..25,
    ),
    (
        Whitespace(
            1,
        ),
        25..26,
    ),
    (
        LexMarker,
        26..28,
    ),
    (
        BlankLine(
            Some(
                "\n",
            ),
        ),
        28..29,
    ),
    (
        Indent(
            [
                (
                    Indentation,
                    29..33,
                ),
            ],
        ),
        0..0,
    ),
    (
        Text(
            "This",
        ),
        33..37,
    ),
    (
        Whitespace(
            1,
        ),
        37..38,
    ),
    (
        Text(
            "is",
        ),
        38..40,
    ),
    (
        Whitespace(
            1,
        ),
        40..41,
    ),
    (
        Text(
            "an",
        ),
        41..43,
    ),
    (
        Whitespace(
            1,
        ),
        43..44,
    ),
    (
        Text(
            "important",
        ),
        44..53,
    ),
    (
        Whitespace(
            1,
        ),
        53..54,
    ),
    (
        Text(
            "note",
        ),
        54..58,
    ),
    (
        Whitespace(
            1,
        ),
        58..59,
    ),
    (
        Text(
            "that",
        ),
        59..63,
    ),
    (
        Whitespace(
            1,
        ),
        63..64,
    ),
    (
        Text(
            "requires",
        ),
        64..72,
    ),
    (
        Whitespace(
            1,
        ),
        72..73,
    ),
    (
        Text(
            "a",
        ),
        73..74,
    ),
    (
        Whitespace(
            1,
        ),
        74..75,
    ),
    (
        Text(
            "detailed",
        ),
        75..83,
    ),
    (
        Whitespace(
            1,
        ),
        83..84,
    ),
    (
        Text(
            "explanation",
        ),
        84..95,
    ),
    (
        Period,
        95..96,
    ),
    (
        BlankLine(
            Some(
                "\n",
            ),
        ),
        96..97,
    ),
    (
        BlankLine(
            Some(
                "\n",
            ),
        ),
        97..98,
    ),
    (
        Text(
            "It",
        ),
        102..104,
    ),
    (
        Whitespace(
            1,
        ),
        104..105,
    ),
    (
        Text(
            "can",
        ),
        105..108,
    ),
    (
        Whitespace(
            1,
        ),
        108..109,
    ),
    (
        Text(
            "span",
        ),
        109..113,
    ),
    (
        Whitespace(
            1,
        ),
        113..114,
    ),
    (
        Text(
            "multiple",
        ),
        114..122,
    ),
    (
        Whitespace(
            1,
        ),
        122..123,
    ),
    (
        Text(
            "paragraphs",
        ),
        123..133,
    ),
    (
        Whitespace(
            1,
        ),
        133..134,
    ),
    (
        Text(
            "to",
        ),
        134..136,
    ),
    (
        Whitespace(
            1,
        ),
        136..137,
    ),
    (
        Text(
            "provide",
        ),
        137..144,
    ),
    (
        Whitespace(
            1,
        ),
        144..145,
    ),
    (
        Text(
            "comprehensive",
        ),
        145..158,
    ),
    (
        Whitespace(
            1,
        ),
        158..159,
    ),
    (
        Text(
            "information",
        ),
        159..170,
    ),
    (
        Period,
        170..171,
    ),
    (
        BlankLine(
            Some(
                "\n",
            ),
        ),
        171..172,
    ),
    (
        Dedent(
            [],
        ),
        0..0,
    ),
    (
        LexMarker,
        172..174,
    ),
    (
        BlankLine(
            Some(
                "\n",
            ),
        ),
        174..175,
    ),
]
