---
source: tests/tokenizer_elements.rs
expression: tokens
---
[
    (
        Text(
            "Sunset",
        ),
        0..6,
    ),
    (
        Whitespace(
            1,
        ),
        6..7,
    ),
    (
        Text(
            "Photo",
        ),
        7..12,
    ),
    (
        Colon,
        12..13,
    ),
    (
        BlankLine(
            Some(
                "\n",
            ),
        ),
        13..14,
    ),
    (
        Indent(
            [
                (
                    Indentation,
                    14..18,
                ),
            ],
        ),
        0..0,
    ),
    (
        Text(
            "As",
        ),
        18..20,
    ),
    (
        Whitespace(
            1,
        ),
        20..21,
    ),
    (
        Text(
            "the",
        ),
        21..24,
    ),
    (
        Whitespace(
            1,
        ),
        24..25,
    ),
    (
        Text(
            "sun",
        ),
        25..28,
    ),
    (
        Whitespace(
            1,
        ),
        28..29,
    ),
    (
        Text(
            "sets",
        ),
        29..33,
    ),
    (
        Whitespace(
            1,
        ),
        33..34,
    ),
    (
        Text(
            "over",
        ),
        34..38,
    ),
    (
        Whitespace(
            1,
        ),
        38..39,
    ),
    (
        Text(
            "the",
        ),
        39..42,
    ),
    (
        Whitespace(
            1,
        ),
        42..43,
    ),
    (
        Text(
            "ocean",
        ),
        43..48,
    ),
    (
        Period,
        48..49,
    ),
    (
        BlankLine(
            Some(
                "\n",
            ),
        ),
        49..50,
    ),
    (
        Dedent(
            [],
        ),
        0..0,
    ),
    (
        LexMarker,
        50..52,
    ),
    (
        Whitespace(
            1,
        ),
        52..53,
    ),
    (
        Text(
            "image",
        ),
        53..58,
    ),
    (
        Whitespace(
            1,
        ),
        58..59,
    ),
    (
        Text(
            "src",
        ),
        59..62,
    ),
    (
        Equals,
        62..63,
    ),
    (
        Text(
            "sunset",
        ),
        63..69,
    ),
    (
        Period,
        69..70,
    ),
    (
        Text(
            "jpg",
        ),
        70..73,
    ),
    (
        Whitespace(
            1,
        ),
        73..74,
    ),
    (
        LexMarker,
        74..76,
    ),
    (
        BlankLine(
            Some(
                "\n",
            ),
        ),
        76..77,
    ),
]
