---
source: lex-parser/tests/tokenizer_documents.rs
expression: tokens
---
[
    (
        Text(
            "Trifecta",
        ),
        0..8,
    ),
    (
        Whitespace(
            1,
        ),
        8..9,
    ),
    (
        Text(
            "Flat",
        ),
        9..13,
    ),
    (
        Whitespace(
            1,
        ),
        13..14,
    ),
    (
        Text(
            "Structure",
        ),
        14..23,
    ),
    (
        Whitespace(
            1,
        ),
        23..24,
    ),
    (
        Text(
            "Test",
        ),
        24..28,
    ),
    (
        Whitespace(
            1,
        ),
        28..29,
    ),
    (
        Text(
            "{{paragraph}}",
        ),
        29..42,
    ),
    (
        BlankLine(
            Some(
                "\n",
            ),
        ),
        42..43,
    ),
    (
        BlankLine(
            Some(
                "\n",
            ),
        ),
        43..44,
    ),
    (
        Text(
            "This",
        ),
        44..48,
    ),
    (
        Whitespace(
            1,
        ),
        48..49,
    ),
    (
        Text(
            "document",
        ),
        49..57,
    ),
    (
        Whitespace(
            1,
        ),
        57..58,
    ),
    (
        Text(
            "tests",
        ),
        58..63,
    ),
    (
        Whitespace(
            1,
        ),
        63..64,
    ),
    (
        Text(
            "the",
        ),
        64..67,
    ),
    (
        Whitespace(
            1,
        ),
        67..68,
    ),
    (
        Text(
            "combination",
        ),
        68..79,
    ),
    (
        Whitespace(
            1,
        ),
        79..80,
    ),
    (
        Text(
            "of",
        ),
        80..82,
    ),
    (
        Whitespace(
            1,
        ),
        82..83,
    ),
    (
        Text(
            "all",
        ),
        83..86,
    ),
    (
        Whitespace(
            1,
        ),
        86..87,
    ),
    (
        Text(
            "three",
        ),
        87..92,
    ),
    (
        Whitespace(
            1,
        ),
        92..93,
    ),
    (
        Text(
            "core",
        ),
        93..97,
    ),
    (
        Whitespace(
            1,
        ),
        97..98,
    ),
    (
        Text(
            "elements",
        ),
        98..106,
    ),
    (
        Whitespace(
            1,
        ),
        106..107,
    ),
    (
        OpenParen,
        107..108,
    ),
    (
        Text(
            "sessions",
        ),
        108..116,
    ),
    (
        Comma,
        116..117,
    ),
    (
        Whitespace(
            1,
        ),
        117..118,
    ),
    (
        Text(
            "paragraphs",
        ),
        118..128,
    ),
    (
        Comma,
        128..129,
    ),
    (
        Whitespace(
            1,
        ),
        129..130,
    ),
    (
        Text(
            "lists",
        ),
        130..135,
    ),
    (
        CloseParen,
        135..136,
    ),
    (
        Whitespace(
            1,
        ),
        136..137,
    ),
    (
        Text(
            "in",
        ),
        137..139,
    ),
    (
        Whitespace(
            1,
        ),
        139..140,
    ),
    (
        Text(
            "a",
        ),
        140..141,
    ),
    (
        Whitespace(
            1,
        ),
        141..142,
    ),
    (
        Text(
            "flat",
        ),
        142..146,
    ),
    (
        Whitespace(
            1,
        ),
        146..147,
    ),
    (
        Text(
            "structure",
        ),
        147..156,
    ),
    (
        Whitespace(
            1,
        ),
        156..157,
    ),
    (
        Text(
            "without",
        ),
        157..164,
    ),
    (
        Whitespace(
            1,
        ),
        164..165,
    ),
    (
        Text(
            "nesting",
        ),
        165..172,
    ),
    (
        Period,
        172..173,
    ),
    (
        Whitespace(
            1,
        ),
        173..174,
    ),
    (
        Text(
            "{{paragraph}}",
        ),
        174..187,
    ),
    (
        BlankLine(
            Some(
                "\n",
            ),
        ),
        187..188,
    ),
    (
        BlankLine(
            Some(
                "\n",
            ),
        ),
        188..189,
    ),
    (
        Number(
            "1",
        ),
        189..190,
    ),
    (
        Period,
        190..191,
    ),
    (
        Whitespace(
            1,
        ),
        191..192,
    ),
    (
        Text(
            "Session",
        ),
        192..199,
    ),
    (
        Whitespace(
            1,
        ),
        199..200,
    ),
    (
        Text(
            "with",
        ),
        200..204,
    ),
    (
        Whitespace(
            1,
        ),
        204..205,
    ),
    (
        Text(
            "Paragraph",
        ),
        205..214,
    ),
    (
        Whitespace(
            1,
        ),
        214..215,
    ),
    (
        Text(
            "Content",
        ),
        215..222,
    ),
    (
        Whitespace(
            1,
        ),
        222..223,
    ),
    (
        Text(
            "{{session",
        ),
        223..232,
    ),
    (
        Dash,
        232..233,
    ),
    (
        Text(
            "title}}",
        ),
        233..240,
    ),
    (
        BlankLine(
            Some(
                "\n",
            ),
        ),
        240..241,
    ),
    (
        BlankLine(
            Some(
                "\n",
            ),
        ),
        241..242,
    ),
    (
        Indent(
            [
                (
                    Indentation,
                    242..246,
                ),
            ],
        ),
        0..0,
    ),
    (
        Text(
            "This",
        ),
        246..250,
    ),
    (
        Whitespace(
            1,
        ),
        250..251,
    ),
    (
        Text(
            "session",
        ),
        251..258,
    ),
    (
        Whitespace(
            1,
        ),
        258..259,
    ),
    (
        Text(
            "starts",
        ),
        259..265,
    ),
    (
        Whitespace(
            1,
        ),
        265..266,
    ),
    (
        Text(
            "with",
        ),
        266..270,
    ),
    (
        Whitespace(
            1,
        ),
        270..271,
    ),
    (
        Text(
            "a",
        ),
        271..272,
    ),
    (
        Whitespace(
            1,
        ),
        272..273,
    ),
    (
        Text(
            "paragraph",
        ),
        273..282,
    ),
    (
        Whitespace(
            1,
        ),
        282..283,
    ),
    (
        Text(
            "as",
        ),
        283..285,
    ),
    (
        Whitespace(
            1,
        ),
        285..286,
    ),
    (
        Text(
            "its",
        ),
        286..289,
    ),
    (
        Whitespace(
            1,
        ),
        289..290,
    ),
    (
        Text(
            "first",
        ),
        290..295,
    ),
    (
        Whitespace(
            1,
        ),
        295..296,
    ),
    (
        Text(
            "child",
        ),
        296..301,
    ),
    (
        Period,
        301..302,
    ),
    (
        Whitespace(
            1,
        ),
        302..303,
    ),
    (
        Text(
            "{{paragraph}}",
        ),
        303..316,
    ),
    (
        BlankLine(
            Some(
                "\n",
            ),
        ),
        316..317,
    ),
    (
        BlankLine(
            Some(
                "\n",
            ),
        ),
        317..318,
    ),
    (
        Text(
            "It",
        ),
        322..324,
    ),
    (
        Whitespace(
            1,
        ),
        324..325,
    ),
    (
        Text(
            "can",
        ),
        325..328,
    ),
    (
        Whitespace(
            1,
        ),
        328..329,
    ),
    (
        Text(
            "have",
        ),
        329..333,
    ),
    (
        Whitespace(
            1,
        ),
        333..334,
    ),
    (
        Text(
            "multiple",
        ),
        334..342,
    ),
    (
        Whitespace(
            1,
        ),
        342..343,
    ),
    (
        Text(
            "paragraphs",
        ),
        343..353,
    ),
    (
        Period,
        353..354,
    ),
    (
        Whitespace(
            1,
        ),
        354..355,
    ),
    (
        Text(
            "{{paragraph}}",
        ),
        355..368,
    ),
    (
        BlankLine(
            Some(
                "\n",
            ),
        ),
        368..369,
    ),
    (
        BlankLine(
            Some(
                "\n",
            ),
        ),
        369..370,
    ),
    (
        Dedent(
            [],
        ),
        0..0,
    ),
    (
        Number(
            "2",
        ),
        370..371,
    ),
    (
        Period,
        371..372,
    ),
    (
        Whitespace(
            1,
        ),
        372..373,
    ),
    (
        Text(
            "Session",
        ),
        373..380,
    ),
    (
        Whitespace(
            1,
        ),
        380..381,
    ),
    (
        Text(
            "with",
        ),
        381..385,
    ),
    (
        Whitespace(
            1,
        ),
        385..386,
    ),
    (
        Text(
            "List",
        ),
        386..390,
    ),
    (
        Whitespace(
            1,
        ),
        390..391,
    ),
    (
        Text(
            "Content",
        ),
        391..398,
    ),
    (
        Whitespace(
            1,
        ),
        398..399,
    ),
    (
        Text(
            "{{session",
        ),
        399..408,
    ),
    (
        Dash,
        408..409,
    ),
    (
        Text(
            "title}}",
        ),
        409..416,
    ),
    (
        BlankLine(
            Some(
                "\n",
            ),
        ),
        416..417,
    ),
    (
        BlankLine(
            Some(
                "\n",
            ),
        ),
        417..418,
    ),
    (
        Indent(
            [
                (
                    Indentation,
                    418..422,
                ),
            ],
        ),
        0..0,
    ),
    (
        Dash,
        422..423,
    ),
    (
        Whitespace(
            1,
        ),
        423..424,
    ),
    (
        Text(
            "First",
        ),
        424..429,
    ),
    (
        Whitespace(
            1,
        ),
        429..430,
    ),
    (
        Text(
            "list",
        ),
        430..434,
    ),
    (
        Whitespace(
            1,
        ),
        434..435,
    ),
    (
        Text(
            "item",
        ),
        435..439,
    ),
    (
        Whitespace(
            1,
        ),
        439..440,
    ),
    (
        Text(
            "{{list",
        ),
        440..446,
    ),
    (
        Dash,
        446..447,
    ),
    (
        Text(
            "item}}",
        ),
        447..453,
    ),
    (
        BlankLine(
            Some(
                "\n",
            ),
        ),
        453..454,
    ),
    (
        Dash,
        458..459,
    ),
    (
        Whitespace(
            1,
        ),
        459..460,
    ),
    (
        Text(
            "Second",
        ),
        460..466,
    ),
    (
        Whitespace(
            1,
        ),
        466..467,
    ),
    (
        Text(
            "list",
        ),
        467..471,
    ),
    (
        Whitespace(
            1,
        ),
        471..472,
    ),
    (
        Text(
            "item",
        ),
        472..476,
    ),
    (
        Whitespace(
            1,
        ),
        476..477,
    ),
    (
        Text(
            "{{list",
        ),
        477..483,
    ),
    (
        Dash,
        483..484,
    ),
    (
        Text(
            "item}}",
        ),
        484..490,
    ),
    (
        BlankLine(
            Some(
                "\n",
            ),
        ),
        490..491,
    ),
    (
        Dash,
        495..496,
    ),
    (
        Whitespace(
            1,
        ),
        496..497,
    ),
    (
        Text(
            "Third",
        ),
        497..502,
    ),
    (
        Whitespace(
            1,
        ),
        502..503,
    ),
    (
        Text(
            "list",
        ),
        503..507,
    ),
    (
        Whitespace(
            1,
        ),
        507..508,
    ),
    (
        Text(
            "item",
        ),
        508..512,
    ),
    (
        Whitespace(
            1,
        ),
        512..513,
    ),
    (
        Text(
            "{{list",
        ),
        513..519,
    ),
    (
        Dash,
        519..520,
    ),
    (
        Text(
            "item}}",
        ),
        520..526,
    ),
    (
        BlankLine(
            Some(
                "\n",
            ),
        ),
        526..527,
    ),
    (
        BlankLine(
            Some(
                "\n",
            ),
        ),
        527..528,
    ),
    (
        Dedent(
            [],
        ),
        0..0,
    ),
    (
        Number(
            "3",
        ),
        528..529,
    ),
    (
        Period,
        529..530,
    ),
    (
        Whitespace(
            1,
        ),
        530..531,
    ),
    (
        Text(
            "Session",
        ),
        531..538,
    ),
    (
        Whitespace(
            1,
        ),
        538..539,
    ),
    (
        Text(
            "with",
        ),
        539..543,
    ),
    (
        Whitespace(
            1,
        ),
        543..544,
    ),
    (
        Text(
            "Mixed",
        ),
        544..549,
    ),
    (
        Whitespace(
            1,
        ),
        549..550,
    ),
    (
        Text(
            "Content",
        ),
        550..557,
    ),
    (
        Whitespace(
            1,
        ),
        557..558,
    ),
    (
        Text(
            "{{session",
        ),
        558..567,
    ),
    (
        Dash,
        567..568,
    ),
    (
        Text(
            "title}}",
        ),
        568..575,
    ),
    (
        BlankLine(
            Some(
                "\n",
            ),
        ),
        575..576,
    ),
    (
        BlankLine(
            Some(
                "\n",
            ),
        ),
        576..577,
    ),
    (
        Indent(
            [
                (
                    Indentation,
                    577..581,
                ),
            ],
        ),
        0..0,
    ),
    (
        Text(
            "This",
        ),
        581..585,
    ),
    (
        Whitespace(
            1,
        ),
        585..586,
    ),
    (
        Text(
            "session",
        ),
        586..593,
    ),
    (
        Whitespace(
            1,
        ),
        593..594,
    ),
    (
        Text(
            "starts",
        ),
        594..600,
    ),
    (
        Whitespace(
            1,
        ),
        600..601,
    ),
    (
        Text(
            "with",
        ),
        601..605,
    ),
    (
        Whitespace(
            1,
        ),
        605..606,
    ),
    (
        Text(
            "a",
        ),
        606..607,
    ),
    (
        Whitespace(
            1,
        ),
        607..608,
    ),
    (
        Text(
            "paragraph",
        ),
        608..617,
    ),
    (
        Period,
        617..618,
    ),
    (
        Whitespace(
            1,
        ),
        618..619,
    ),
    (
        Text(
            "{{paragraph}}",
        ),
        619..632,
    ),
    (
        BlankLine(
            Some(
                "\n",
            ),
        ),
        632..633,
    ),
    (
        BlankLine(
            Some(
                "\n",
            ),
        ),
        633..634,
    ),
    (
        Dash,
        638..639,
    ),
    (
        Whitespace(
            1,
        ),
        639..640,
    ),
    (
        Text(
            "Then",
        ),
        640..644,
    ),
    (
        Whitespace(
            1,
        ),
        644..645,
    ),
    (
        Text(
            "has",
        ),
        645..648,
    ),
    (
        Whitespace(
            1,
        ),
        648..649,
    ),
    (
        Text(
            "a",
        ),
        649..650,
    ),
    (
        Whitespace(
            1,
        ),
        650..651,
    ),
    (
        Text(
            "list",
        ),
        651..655,
    ),
    (
        Whitespace(
            1,
        ),
        655..656,
    ),
    (
        Text(
            "{{list",
        ),
        656..662,
    ),
    (
        Dash,
        662..663,
    ),
    (
        Text(
            "item}}",
        ),
        663..669,
    ),
    (
        BlankLine(
            Some(
                "\n",
            ),
        ),
        669..670,
    ),
    (
        Dash,
        674..675,
    ),
    (
        Whitespace(
            1,
        ),
        675..676,
    ),
    (
        Text(
            "With",
        ),
        676..680,
    ),
    (
        Whitespace(
            1,
        ),
        680..681,
    ),
    (
        Text(
            "multiple",
        ),
        681..689,
    ),
    (
        Whitespace(
            1,
        ),
        689..690,
    ),
    (
        Text(
            "items",
        ),
        690..695,
    ),
    (
        Whitespace(
            1,
        ),
        695..696,
    ),
    (
        Text(
            "{{list",
        ),
        696..702,
    ),
    (
        Dash,
        702..703,
    ),
    (
        Text(
            "item}}",
        ),
        703..709,
    ),
    (
        BlankLine(
            Some(
                "\n",
            ),
        ),
        709..710,
    ),
    (
        BlankLine(
            Some(
                "\n",
            ),
        ),
        710..711,
    ),
    (
        Text(
            "And",
        ),
        715..718,
    ),
    (
        Whitespace(
            1,
        ),
        718..719,
    ),
    (
        Text(
            "ends",
        ),
        719..723,
    ),
    (
        Whitespace(
            1,
        ),
        723..724,
    ),
    (
        Text(
            "with",
        ),
        724..728,
    ),
    (
        Whitespace(
            1,
        ),
        728..729,
    ),
    (
        Text(
            "another",
        ),
        729..736,
    ),
    (
        Whitespace(
            1,
        ),
        736..737,
    ),
    (
        Text(
            "paragraph",
        ),
        737..746,
    ),
    (
        Period,
        746..747,
    ),
    (
        Whitespace(
            1,
        ),
        747..748,
    ),
    (
        Text(
            "{{paragraph}}",
        ),
        748..761,
    ),
    (
        BlankLine(
            Some(
                "\n",
            ),
        ),
        761..762,
    ),
    (
        BlankLine(
            Some(
                "\n",
            ),
        ),
        762..763,
    ),
    (
        Dedent(
            [],
        ),
        0..0,
    ),
    (
        Text(
            "A",
        ),
        763..764,
    ),
    (
        Whitespace(
            1,
        ),
        764..765,
    ),
    (
        Text(
            "paragraph",
        ),
        765..774,
    ),
    (
        Whitespace(
            1,
        ),
        774..775,
    ),
    (
        Text(
            "at",
        ),
        775..777,
    ),
    (
        Whitespace(
            1,
        ),
        777..778,
    ),
    (
        Text(
            "the",
        ),
        778..781,
    ),
    (
        Whitespace(
            1,
        ),
        781..782,
    ),
    (
        Text(
            "root",
        ),
        782..786,
    ),
    (
        Whitespace(
            1,
        ),
        786..787,
    ),
    (
        Text(
            "level",
        ),
        787..792,
    ),
    (
        Period,
        792..793,
    ),
    (
        Whitespace(
            1,
        ),
        793..794,
    ),
    (
        Text(
            "{{paragraph}}",
        ),
        794..807,
    ),
    (
        BlankLine(
            Some(
                "\n",
            ),
        ),
        807..808,
    ),
    (
        BlankLine(
            Some(
                "\n",
            ),
        ),
        808..809,
    ),
    (
        Dash,
        809..810,
    ),
    (
        Whitespace(
            1,
        ),
        810..811,
    ),
    (
        Text(
            "Root",
        ),
        811..815,
    ),
    (
        Whitespace(
            1,
        ),
        815..816,
    ),
    (
        Text(
            "level",
        ),
        816..821,
    ),
    (
        Whitespace(
            1,
        ),
        821..822,
    ),
    (
        Text(
            "list",
        ),
        822..826,
    ),
    (
        Whitespace(
            1,
        ),
        826..827,
    ),
    (
        Text(
            "{{list",
        ),
        827..833,
    ),
    (
        Dash,
        833..834,
    ),
    (
        Text(
            "item}}",
        ),
        834..840,
    ),
    (
        BlankLine(
            Some(
                "\n",
            ),
        ),
        840..841,
    ),
    (
        Dash,
        841..842,
    ),
    (
        Whitespace(
            1,
        ),
        842..843,
    ),
    (
        Text(
            "With",
        ),
        843..847,
    ),
    (
        Whitespace(
            1,
        ),
        847..848,
    ),
    (
        Text(
            "multiple",
        ),
        848..856,
    ),
    (
        Whitespace(
            1,
        ),
        856..857,
    ),
    (
        Text(
            "items",
        ),
        857..862,
    ),
    (
        Whitespace(
            1,
        ),
        862..863,
    ),
    (
        Text(
            "{{list",
        ),
        863..869,
    ),
    (
        Dash,
        869..870,
    ),
    (
        Text(
            "item}}",
        ),
        870..876,
    ),
    (
        BlankLine(
            Some(
                "\n",
            ),
        ),
        876..877,
    ),
    (
        BlankLine(
            Some(
                "\n",
            ),
        ),
        877..878,
    ),
    (
        Number(
            "4",
        ),
        878..879,
    ),
    (
        Period,
        879..880,
    ),
    (
        Whitespace(
            1,
        ),
        880..881,
    ),
    (
        Text(
            "Another",
        ),
        881..888,
    ),
    (
        Whitespace(
            1,
        ),
        888..889,
    ),
    (
        Text(
            "Session",
        ),
        889..896,
    ),
    (
        Whitespace(
            1,
        ),
        896..897,
    ),
    (
        Text(
            "{{session",
        ),
        897..906,
    ),
    (
        Dash,
        906..907,
    ),
    (
        Text(
            "title}}",
        ),
        907..914,
    ),
    (
        BlankLine(
            Some(
                "\n",
            ),
        ),
        914..915,
    ),
    (
        BlankLine(
            Some(
                "\n",
            ),
        ),
        915..916,
    ),
    (
        Indent(
            [
                (
                    Indentation,
                    916..920,
                ),
            ],
        ),
        0..0,
    ),
    (
        Dash,
        920..921,
    ),
    (
        Whitespace(
            1,
        ),
        921..922,
    ),
    (
        Text(
            "Starts",
        ),
        922..928,
    ),
    (
        Whitespace(
            1,
        ),
        928..929,
    ),
    (
        Text(
            "with",
        ),
        929..933,
    ),
    (
        Whitespace(
            1,
        ),
        933..934,
    ),
    (
        Text(
            "a",
        ),
        934..935,
    ),
    (
        Whitespace(
            1,
        ),
        935..936,
    ),
    (
        Text(
            "list",
        ),
        936..940,
    ),
    (
        Whitespace(
            1,
        ),
        940..941,
    ),
    (
        Text(
            "{{list",
        ),
        941..947,
    ),
    (
        Dash,
        947..948,
    ),
    (
        Text(
            "item}}",
        ),
        948..954,
    ),
    (
        BlankLine(
            Some(
                "\n",
            ),
        ),
        954..955,
    ),
    (
        Dash,
        959..960,
    ),
    (
        Whitespace(
            1,
        ),
        960..961,
    ),
    (
        Text(
            "Has",
        ),
        961..964,
    ),
    (
        Whitespace(
            1,
        ),
        964..965,
    ),
    (
        Text(
            "multiple",
        ),
        965..973,
    ),
    (
        Whitespace(
            1,
        ),
        973..974,
    ),
    (
        Text(
            "items",
        ),
        974..979,
    ),
    (
        Whitespace(
            1,
        ),
        979..980,
    ),
    (
        Text(
            "{{list",
        ),
        980..986,
    ),
    (
        Dash,
        986..987,
    ),
    (
        Text(
            "item}}",
        ),
        987..993,
    ),
    (
        BlankLine(
            Some(
                "\n",
            ),
        ),
        993..994,
    ),
    (
        BlankLine(
            Some(
                "\n",
            ),
        ),
        994..995,
    ),
    (
        Text(
            "Then",
        ),
        999..1003,
    ),
    (
        Whitespace(
            1,
        ),
        1003..1004,
    ),
    (
        Text(
            "has",
        ),
        1004..1007,
    ),
    (
        Whitespace(
            1,
        ),
        1007..1008,
    ),
    (
        Text(
            "a",
        ),
        1008..1009,
    ),
    (
        Whitespace(
            1,
        ),
        1009..1010,
    ),
    (
        Text(
            "paragraph",
        ),
        1010..1019,
    ),
    (
        Period,
        1019..1020,
    ),
    (
        Whitespace(
            1,
        ),
        1020..1021,
    ),
    (
        Text(
            "{{paragraph}}",
        ),
        1021..1034,
    ),
    (
        BlankLine(
            Some(
                "\n",
            ),
        ),
        1034..1035,
    ),
    (
        BlankLine(
            Some(
                "\n",
            ),
        ),
        1035..1036,
    ),
    (
        Dash,
        1040..1041,
    ),
    (
        Whitespace(
            1,
        ),
        1041..1042,
    ),
    (
        Text(
            "And",
        ),
        1042..1045,
    ),
    (
        Whitespace(
            1,
        ),
        1045..1046,
    ),
    (
        Text(
            "ends",
        ),
        1046..1050,
    ),
    (
        Whitespace(
            1,
        ),
        1050..1051,
    ),
    (
        Text(
            "with",
        ),
        1051..1055,
    ),
    (
        Whitespace(
            1,
        ),
        1055..1056,
    ),
    (
        Text(
            "another",
        ),
        1056..1063,
    ),
    (
        Whitespace(
            1,
        ),
        1063..1064,
    ),
    (
        Text(
            "list",
        ),
        1064..1068,
    ),
    (
        Whitespace(
            1,
        ),
        1068..1069,
    ),
    (
        Text(
            "{{list",
        ),
        1069..1075,
    ),
    (
        Dash,
        1075..1076,
    ),
    (
        Text(
            "item}}",
        ),
        1076..1082,
    ),
    (
        BlankLine(
            Some(
                "\n",
            ),
        ),
        1082..1083,
    ),
    (
        Dash,
        1087..1088,
    ),
    (
        Whitespace(
            1,
        ),
        1088..1089,
    ),
    (
        Text(
            "To",
        ),
        1089..1091,
    ),
    (
        Whitespace(
            1,
        ),
        1091..1092,
    ),
    (
        Text(
            "complete",
        ),
        1092..1100,
    ),
    (
        Whitespace(
            1,
        ),
        1100..1101,
    ),
    (
        Text(
            "the",
        ),
        1101..1104,
    ),
    (
        Whitespace(
            1,
        ),
        1104..1105,
    ),
    (
        Text(
            "session",
        ),
        1105..1112,
    ),
    (
        Whitespace(
            1,
        ),
        1112..1113,
    ),
    (
        Text(
            "{{list",
        ),
        1113..1119,
    ),
    (
        Dash,
        1119..1120,
    ),
    (
        Text(
            "item}}",
        ),
        1120..1126,
    ),
    (
        BlankLine(
            Some(
                "\n",
            ),
        ),
        1126..1127,
    ),
    (
        BlankLine(
            Some(
                "\n",
            ),
        ),
        1127..1128,
    ),
    (
        Dedent(
            [],
        ),
        0..0,
    ),
    (
        Text(
            "Final",
        ),
        1128..1133,
    ),
    (
        Whitespace(
            1,
        ),
        1133..1134,
    ),
    (
        Text(
            "root",
        ),
        1134..1138,
    ),
    (
        Whitespace(
            1,
        ),
        1138..1139,
    ),
    (
        Text(
            "level",
        ),
        1139..1144,
    ),
    (
        Whitespace(
            1,
        ),
        1144..1145,
    ),
    (
        Text(
            "paragraph",
        ),
        1145..1154,
    ),
    (
        Period,
        1154..1155,
    ),
    (
        Whitespace(
            1,
        ),
        1155..1156,
    ),
    (
        Text(
            "{{paragraph}}",
        ),
        1156..1169,
    ),
    (
        BlankLine(
            Some(
                "\n",
            ),
        ),
        1169..1170,
    ),
]
