---
source: lex-parser/tests/tokenizer_documents.rs
expression: tokens
---
[
    (
        Text(
            "Multiple",
        ),
        0..8,
    ),
    (
        Whitespace(
            1,
        ),
        8..9,
    ),
    (
        Text(
            "Sessions",
        ),
        9..17,
    ),
    (
        Whitespace(
            1,
        ),
        17..18,
    ),
    (
        Text(
            "Flat",
        ),
        18..22,
    ),
    (
        Whitespace(
            1,
        ),
        22..23,
    ),
    (
        Text(
            "Test",
        ),
        23..27,
    ),
    (
        Whitespace(
            1,
        ),
        27..28,
    ),
    (
        Text(
            "{{paragraph}}",
        ),
        28..41,
    ),
    (
        BlankLine(
            Some(
                "\n",
            ),
        ),
        41..42,
    ),
    (
        BlankLine(
            Some(
                "\n",
            ),
        ),
        42..43,
    ),
    (
        Text(
            "This",
        ),
        43..47,
    ),
    (
        Whitespace(
            1,
        ),
        47..48,
    ),
    (
        Text(
            "document",
        ),
        48..56,
    ),
    (
        Whitespace(
            1,
        ),
        56..57,
    ),
    (
        Text(
            "tests",
        ),
        57..62,
    ),
    (
        Whitespace(
            1,
        ),
        62..63,
    ),
    (
        Text(
            "multiple",
        ),
        63..71,
    ),
    (
        Whitespace(
            1,
        ),
        71..72,
    ),
    (
        Text(
            "sessions",
        ),
        72..80,
    ),
    (
        Whitespace(
            1,
        ),
        80..81,
    ),
    (
        Text(
            "at",
        ),
        81..83,
    ),
    (
        Whitespace(
            1,
        ),
        83..84,
    ),
    (
        Text(
            "the",
        ),
        84..87,
    ),
    (
        Whitespace(
            1,
        ),
        87..88,
    ),
    (
        Text(
            "root",
        ),
        88..92,
    ),
    (
        Whitespace(
            1,
        ),
        92..93,
    ),
    (
        Text(
            "level",
        ),
        93..98,
    ),
    (
        Whitespace(
            1,
        ),
        98..99,
    ),
    (
        Text(
            "with",
        ),
        99..103,
    ),
    (
        Whitespace(
            1,
        ),
        103..104,
    ),
    (
        Text(
            "paragraphs",
        ),
        104..114,
    ),
    (
        Whitespace(
            1,
        ),
        114..115,
    ),
    (
        Text(
            "between",
        ),
        115..122,
    ),
    (
        Whitespace(
            1,
        ),
        122..123,
    ),
    (
        Text(
            "them",
        ),
        123..127,
    ),
    (
        Period,
        127..128,
    ),
    (
        Whitespace(
            1,
        ),
        128..129,
    ),
    (
        Text(
            "{{paragraph}}",
        ),
        129..142,
    ),
    (
        BlankLine(
            Some(
                "\n",
            ),
        ),
        142..143,
    ),
    (
        BlankLine(
            Some(
                "\n",
            ),
        ),
        143..144,
    ),
    (
        Number(
            "1",
        ),
        144..145,
    ),
    (
        Period,
        145..146,
    ),
    (
        Whitespace(
            1,
        ),
        146..147,
    ),
    (
        Text(
            "First",
        ),
        147..152,
    ),
    (
        Whitespace(
            1,
        ),
        152..153,
    ),
    (
        Text(
            "Session",
        ),
        153..160,
    ),
    (
        Whitespace(
            1,
        ),
        160..161,
    ),
    (
        Text(
            "{{session",
        ),
        161..170,
    ),
    (
        Dash,
        170..171,
    ),
    (
        Text(
            "title}}",
        ),
        171..178,
    ),
    (
        BlankLine(
            Some(
                "\n",
            ),
        ),
        178..179,
    ),
    (
        BlankLine(
            Some(
                "\n",
            ),
        ),
        179..180,
    ),
    (
        Indent(
            [
                (
                    Indentation,
                    180..184,
                ),
            ],
        ),
        0..0,
    ),
    (
        Text(
            "This",
        ),
        184..188,
    ),
    (
        Whitespace(
            1,
        ),
        188..189,
    ),
    (
        Text(
            "is",
        ),
        189..191,
    ),
    (
        Whitespace(
            1,
        ),
        191..192,
    ),
    (
        Text(
            "the",
        ),
        192..195,
    ),
    (
        Whitespace(
            1,
        ),
        195..196,
    ),
    (
        Text(
            "content",
        ),
        196..203,
    ),
    (
        Whitespace(
            1,
        ),
        203..204,
    ),
    (
        Text(
            "of",
        ),
        204..206,
    ),
    (
        Whitespace(
            1,
        ),
        206..207,
    ),
    (
        Text(
            "the",
        ),
        207..210,
    ),
    (
        Whitespace(
            1,
        ),
        210..211,
    ),
    (
        Text(
            "first",
        ),
        211..216,
    ),
    (
        Whitespace(
            1,
        ),
        216..217,
    ),
    (
        Text(
            "session",
        ),
        217..224,
    ),
    (
        Period,
        224..225,
    ),
    (
        Whitespace(
            1,
        ),
        225..226,
    ),
    (
        Text(
            "{{paragraph}}",
        ),
        226..239,
    ),
    (
        BlankLine(
            Some(
                "\n",
            ),
        ),
        239..240,
    ),
    (
        BlankLine(
            Some(
                "\n",
            ),
        ),
        240..241,
    ),
    (
        Text(
            "It",
        ),
        245..247,
    ),
    (
        Whitespace(
            1,
        ),
        247..248,
    ),
    (
        Text(
            "can",
        ),
        248..251,
    ),
    (
        Whitespace(
            1,
        ),
        251..252,
    ),
    (
        Text(
            "have",
        ),
        252..256,
    ),
    (
        Whitespace(
            1,
        ),
        256..257,
    ),
    (
        Text(
            "multiple",
        ),
        257..265,
    ),
    (
        Whitespace(
            1,
        ),
        265..266,
    ),
    (
        Text(
            "paragraphs",
        ),
        266..276,
    ),
    (
        Period,
        276..277,
    ),
    (
        Whitespace(
            1,
        ),
        277..278,
    ),
    (
        Text(
            "{{paragraph}}",
        ),
        278..291,
    ),
    (
        BlankLine(
            Some(
                "\n",
            ),
        ),
        291..292,
    ),
    (
        BlankLine(
            Some(
                "\n",
            ),
        ),
        292..293,
    ),
    (
        Dedent(
            [],
        ),
        0..0,
    ),
    (
        Number(
            "2",
        ),
        293..294,
    ),
    (
        Period,
        294..295,
    ),
    (
        Whitespace(
            1,
        ),
        295..296,
    ),
    (
        Text(
            "Second",
        ),
        296..302,
    ),
    (
        Whitespace(
            1,
        ),
        302..303,
    ),
    (
        Text(
            "Session",
        ),
        303..310,
    ),
    (
        Whitespace(
            1,
        ),
        310..311,
    ),
    (
        Text(
            "{{session",
        ),
        311..320,
    ),
    (
        Dash,
        320..321,
    ),
    (
        Text(
            "title}}",
        ),
        321..328,
    ),
    (
        BlankLine(
            Some(
                "\n",
            ),
        ),
        328..329,
    ),
    (
        BlankLine(
            Some(
                "\n",
            ),
        ),
        329..330,
    ),
    (
        Indent(
            [
                (
                    Indentation,
                    330..334,
                ),
            ],
        ),
        0..0,
    ),
    (
        Text(
            "The",
        ),
        334..337,
    ),
    (
        Whitespace(
            1,
        ),
        337..338,
    ),
    (
        Text(
            "second",
        ),
        338..344,
    ),
    (
        Whitespace(
            1,
        ),
        344..345,
    ),
    (
        Text(
            "session",
        ),
        345..352,
    ),
    (
        Whitespace(
            1,
        ),
        352..353,
    ),
    (
        Text(
            "also",
        ),
        353..357,
    ),
    (
        Whitespace(
            1,
        ),
        357..358,
    ),
    (
        Text(
            "has",
        ),
        358..361,
    ),
    (
        Whitespace(
            1,
        ),
        361..362,
    ),
    (
        Text(
            "content",
        ),
        362..369,
    ),
    (
        Period,
        369..370,
    ),
    (
        Whitespace(
            1,
        ),
        370..371,
    ),
    (
        Text(
            "{{paragraph}}",
        ),
        371..384,
    ),
    (
        BlankLine(
            Some(
                "\n",
            ),
        ),
        384..385,
    ),
    (
        BlankLine(
            Some(
                "\n",
            ),
        ),
        385..386,
    ),
    (
        Dedent(
            [],
        ),
        0..0,
    ),
    (
        Text(
            "A",
        ),
        386..387,
    ),
    (
        Whitespace(
            1,
        ),
        387..388,
    ),
    (
        Text(
            "paragraph",
        ),
        388..397,
    ),
    (
        Whitespace(
            1,
        ),
        397..398,
    ),
    (
        Text(
            "between",
        ),
        398..405,
    ),
    (
        Whitespace(
            1,
        ),
        405..406,
    ),
    (
        Text(
            "sessions",
        ),
        406..414,
    ),
    (
        Period,
        414..415,
    ),
    (
        Whitespace(
            1,
        ),
        415..416,
    ),
    (
        Text(
            "{{paragraph}}",
        ),
        416..429,
    ),
    (
        BlankLine(
            Some(
                "\n",
            ),
        ),
        429..430,
    ),
    (
        BlankLine(
            Some(
                "\n",
            ),
        ),
        430..431,
    ),
    (
        Number(
            "3",
        ),
        431..432,
    ),
    (
        Period,
        432..433,
    ),
    (
        Whitespace(
            1,
        ),
        433..434,
    ),
    (
        Text(
            "Third",
        ),
        434..439,
    ),
    (
        Whitespace(
            1,
        ),
        439..440,
    ),
    (
        Text(
            "Session",
        ),
        440..447,
    ),
    (
        Whitespace(
            1,
        ),
        447..448,
    ),
    (
        Text(
            "{{session",
        ),
        448..457,
    ),
    (
        Dash,
        457..458,
    ),
    (
        Text(
            "title}}",
        ),
        458..465,
    ),
    (
        BlankLine(
            Some(
                "\n",
            ),
        ),
        465..466,
    ),
    (
        BlankLine(
            Some(
                "\n",
            ),
        ),
        466..467,
    ),
    (
        Indent(
            [
                (
                    Indentation,
                    467..471,
                ),
            ],
        ),
        0..0,
    ),
    (
        Text(
            "Sessions",
        ),
        471..479,
    ),
    (
        Whitespace(
            1,
        ),
        479..480,
    ),
    (
        Text(
            "can",
        ),
        480..483,
    ),
    (
        Whitespace(
            1,
        ),
        483..484,
    ),
    (
        Text(
            "have",
        ),
        484..488,
    ),
    (
        Whitespace(
            1,
        ),
        488..489,
    ),
    (
        Text(
            "different",
        ),
        489..498,
    ),
    (
        Whitespace(
            1,
        ),
        498..499,
    ),
    (
        Text(
            "amounts",
        ),
        499..506,
    ),
    (
        Whitespace(
            1,
        ),
        506..507,
    ),
    (
        Text(
            "of",
        ),
        507..509,
    ),
    (
        Whitespace(
            1,
        ),
        509..510,
    ),
    (
        Text(
            "content",
        ),
        510..517,
    ),
    (
        Period,
        517..518,
    ),
    (
        Whitespace(
            1,
        ),
        518..519,
    ),
    (
        Text(
            "{{paragraph}}",
        ),
        519..532,
    ),
    (
        BlankLine(
            Some(
                "\n",
            ),
        ),
        532..533,
    ),
    (
        BlankLine(
            Some(
                "\n",
            ),
        ),
        533..534,
    ),
    (
        Dedent(
            [],
        ),
        0..0,
    ),
    (
        Text(
            "Another",
        ),
        534..541,
    ),
    (
        Whitespace(
            1,
        ),
        541..542,
    ),
    (
        Text(
            "paragraph",
        ),
        542..551,
    ),
    (
        Period,
        551..552,
    ),
    (
        Whitespace(
            1,
        ),
        552..553,
    ),
    (
        Text(
            "{{paragraph}}",
        ),
        553..566,
    ),
    (
        BlankLine(
            Some(
                "\n",
            ),
        ),
        566..567,
    ),
    (
        BlankLine(
            Some(
                "\n",
            ),
        ),
        567..568,
    ),
    (
        Number(
            "4",
        ),
        568..569,
    ),
    (
        Period,
        569..570,
    ),
    (
        Whitespace(
            1,
        ),
        570..571,
    ),
    (
        Text(
            "Session",
        ),
        571..578,
    ),
    (
        Whitespace(
            1,
        ),
        578..579,
    ),
    (
        Text(
            "Without",
        ),
        579..586,
    ),
    (
        Whitespace(
            1,
        ),
        586..587,
    ),
    (
        Text(
            "Numbering",
        ),
        587..596,
    ),
    (
        Whitespace(
            1,
        ),
        596..597,
    ),
    (
        Text(
            "{{session",
        ),
        597..606,
    ),
    (
        Dash,
        606..607,
    ),
    (
        Text(
            "title}}",
        ),
        607..614,
    ),
    (
        BlankLine(
            Some(
                "\n",
            ),
        ),
        614..615,
    ),
    (
        BlankLine(
            Some(
                "\n",
            ),
        ),
        615..616,
    ),
    (
        Indent(
            [
                (
                    Indentation,
                    616..620,
                ),
            ],
        ),
        0..0,
    ),
    (
        Text(
            "Session",
        ),
        620..627,
    ),
    (
        Whitespace(
            1,
        ),
        627..628,
    ),
    (
        Text(
            "titles",
        ),
        628..634,
    ),
    (
        Whitespace(
            1,
        ),
        634..635,
    ),
    (
        Text(
            "don't",
        ),
        635..640,
    ),
    (
        Whitespace(
            1,
        ),
        640..641,
    ),
    (
        Text(
            "require",
        ),
        641..648,
    ),
    (
        Whitespace(
            1,
        ),
        648..649,
    ),
    (
        Text(
            "numbering",
        ),
        649..658,
    ),
    (
        Whitespace(
            1,
        ),
        658..659,
    ),
    (
        Text(
            "markers",
        ),
        659..666,
    ),
    (
        Period,
        666..667,
    ),
    (
        Whitespace(
            1,
        ),
        667..668,
    ),
    (
        Text(
            "{{session",
        ),
        668..677,
    ),
    (
        Dash,
        677..678,
    ),
    (
        Text(
            "title}}",
        ),
        678..685,
    ),
    (
        BlankLine(
            Some(
                "\n",
            ),
        ),
        685..686,
    ),
    (
        BlankLine(
            Some(
                "\n",
            ),
        ),
        686..687,
    ),
    (
        Indent(
            [
                (
                    Indentation,
                    688..689,
                ),
            ],
        ),
        0..0,
    ),
    (
        Text(
            "They",
        ),
        689..693,
    ),
    (
        Whitespace(
            1,
        ),
        693..694,
    ),
    (
        Text(
            "just",
        ),
        694..698,
    ),
    (
        Whitespace(
            1,
        ),
        698..699,
    ),
    (
        Text(
            "need",
        ),
        699..703,
    ),
    (
        Whitespace(
            1,
        ),
        703..704,
    ),
    (
        Text(
            "to",
        ),
        704..706,
    ),
    (
        Whitespace(
            1,
        ),
        706..707,
    ),
    (
        Text(
            "be",
        ),
        707..709,
    ),
    (
        Whitespace(
            1,
        ),
        709..710,
    ),
    (
        Text(
            "followed",
        ),
        710..718,
    ),
    (
        Whitespace(
            1,
        ),
        718..719,
    ),
    (
        Text(
            "by",
        ),
        719..721,
    ),
    (
        Whitespace(
            1,
        ),
        721..722,
    ),
    (
        Text(
            "a",
        ),
        722..723,
    ),
    (
        Whitespace(
            1,
        ),
        723..724,
    ),
    (
        Text(
            "blank",
        ),
        724..729,
    ),
    (
        Whitespace(
            1,
        ),
        729..730,
    ),
    (
        Text(
            "line",
        ),
        730..734,
    ),
    (
        Whitespace(
            1,
        ),
        734..735,
    ),
    (
        Text(
            "and",
        ),
        735..738,
    ),
    (
        Whitespace(
            1,
        ),
        738..739,
    ),
    (
        Text(
            "indented",
        ),
        739..747,
    ),
    (
        Whitespace(
            1,
        ),
        747..748,
    ),
    (
        Text(
            "content",
        ),
        748..755,
    ),
    (
        Period,
        755..756,
    ),
    (
        Whitespace(
            1,
        ),
        756..757,
    ),
    (
        Text(
            "{{paragraph}}",
        ),
        757..770,
    ),
    (
        BlankLine(
            Some(
                "\n",
            ),
        ),
        770..771,
    ),
    (
        BlankLine(
            Some(
                "\n",
            ),
        ),
        771..772,
    ),
    (
        Dedent(
            [],
        ),
        0..0,
    ),
    (
        Dedent(
            [],
        ),
        0..0,
    ),
    (
        Text(
            "Final",
        ),
        772..777,
    ),
    (
        Whitespace(
            1,
        ),
        777..778,
    ),
    (
        Text(
            "paragraph",
        ),
        778..787,
    ),
    (
        Whitespace(
            1,
        ),
        787..788,
    ),
    (
        Text(
            "at",
        ),
        788..790,
    ),
    (
        Whitespace(
            1,
        ),
        790..791,
    ),
    (
        Text(
            "the",
        ),
        791..794,
    ),
    (
        Whitespace(
            1,
        ),
        794..795,
    ),
    (
        Text(
            "root",
        ),
        795..799,
    ),
    (
        Whitespace(
            1,
        ),
        799..800,
    ),
    (
        Text(
            "level",
        ),
        800..805,
    ),
    (
        Period,
        805..806,
    ),
    (
        Whitespace(
            1,
        ),
        806..807,
    ),
    (
        Text(
            "{{paragraph}}",
        ),
        807..820,
    ),
    (
        BlankLine(
            Some(
                "\n",
            ),
        ),
        820..821,
    ),
]
