---
source: tests/tokenizer_elements.rs
expression: tokens
---
[
    (
        Text(
            "Configuration",
        ),
        0..13,
    ),
    (
        Colon,
        13..14,
    ),
    (
        BlankLine(
            Some(
                "\n",
            ),
        ),
        14..15,
    ),
    (
        BlankLine(
            Some(
                "\n",
            ),
        ),
        15..16,
    ),
    (
        Indent(
            [
                (
                    Indentation,
                    16..20,
                ),
            ],
        ),
        0..0,
    ),
    (
        Text(
            "server",
        ),
        20..26,
    ),
    (
        Whitespace(
            1,
        ),
        26..27,
    ),
    (
        Text(
            "{",
        ),
        27..28,
    ),
    (
        BlankLine(
            Some(
                "\n",
            ),
        ),
        28..29,
    ),
    (
        Indent(
            [
                (
                    Indentation,
                    33..37,
                ),
            ],
        ),
        0..0,
    ),
    (
        Text(
            "listen",
        ),
        37..43,
    ),
    (
        Whitespace(
            1,
        ),
        43..44,
    ),
    (
        Number(
            "80",
        ),
        44..46,
    ),
    (
        Semicolon,
        46..47,
    ),
    (
        BlankLine(
            Some(
                "\n",
            ),
        ),
        47..48,
    ),
    (
        Dedent(
            [],
        ),
        0..0,
    ),
    (
        Text(
            "}",
        ),
        52..53,
    ),
    (
        BlankLine(
            Some(
                "\n",
            ),
        ),
        53..54,
    ),
    (
        BlankLine(
            Some(
                "\n",
            ),
        ),
        54..55,
    ),
    (
        Dedent(
            [],
        ),
        0..0,
    ),
    (
        LexMarker,
        55..57,
    ),
    (
        Whitespace(
            1,
        ),
        57..58,
    ),
    (
        Text(
            "nginx",
        ),
        58..63,
    ),
    (
        Whitespace(
            1,
        ),
        63..64,
    ),
    (
        Text(
            "format",
        ),
        64..70,
    ),
    (
        Equals,
        70..71,
    ),
    (
        Text(
            "pretty",
        ),
        71..77,
    ),
    (
        Whitespace(
            1,
        ),
        77..78,
    ),
    (
        LexMarker,
        78..80,
    ),
    (
        BlankLine(
            Some(
                "\n",
            ),
        ),
        80..81,
    ),
]
