---
source: lex-parser/tests/tokenizer_documents.rs
expression: tokens
---
[
    (
        Text(
            "Trifecta",
        ),
        0..8,
    ),
    (
        Whitespace(
            1,
        ),
        8..9,
    ),
    (
        Text(
            "Nesting",
        ),
        9..16,
    ),
    (
        Whitespace(
            1,
        ),
        16..17,
    ),
    (
        Text(
            "Test",
        ),
        17..21,
    ),
    (
        Whitespace(
            1,
        ),
        21..22,
    ),
    (
        Text(
            "{{paragraph}}",
        ),
        22..35,
    ),
    (
        BlankLine(
            Some(
                "\n",
            ),
        ),
        35..36,
    ),
    (
        BlankLine(
            Some(
                "\n",
            ),
        ),
        36..37,
    ),
    (
        Text(
            "This",
        ),
        37..41,
    ),
    (
        Whitespace(
            1,
        ),
        41..42,
    ),
    (
        Text(
            "document",
        ),
        42..50,
    ),
    (
        Whitespace(
            1,
        ),
        50..51,
    ),
    (
        Text(
            "tests",
        ),
        51..56,
    ),
    (
        Whitespace(
            1,
        ),
        56..57,
    ),
    (
        Text(
            "the",
        ),
        57..60,
    ),
    (
        Whitespace(
            1,
        ),
        60..61,
    ),
    (
        Text(
            "combination",
        ),
        61..72,
    ),
    (
        Whitespace(
            1,
        ),
        72..73,
    ),
    (
        Text(
            "of",
        ),
        73..75,
    ),
    (
        Whitespace(
            1,
        ),
        75..76,
    ),
    (
        Text(
            "all",
        ),
        76..79,
    ),
    (
        Whitespace(
            1,
        ),
        79..80,
    ),
    (
        Text(
            "three",
        ),
        80..85,
    ),
    (
        Whitespace(
            1,
        ),
        85..86,
    ),
    (
        Text(
            "core",
        ),
        86..90,
    ),
    (
        Whitespace(
            1,
        ),
        90..91,
    ),
    (
        Text(
            "elements",
        ),
        91..99,
    ),
    (
        Whitespace(
            1,
        ),
        99..100,
    ),
    (
        OpenParen,
        100..101,
    ),
    (
        Text(
            "sessions",
        ),
        101..109,
    ),
    (
        Comma,
        109..110,
    ),
    (
        Whitespace(
            1,
        ),
        110..111,
    ),
    (
        Text(
            "paragraphs",
        ),
        111..121,
    ),
    (
        Comma,
        121..122,
    ),
    (
        Whitespace(
            1,
        ),
        122..123,
    ),
    (
        Text(
            "lists",
        ),
        123..128,
    ),
    (
        CloseParen,
        128..129,
    ),
    (
        Whitespace(
            1,
        ),
        129..130,
    ),
    (
        Text(
            "with",
        ),
        130..134,
    ),
    (
        Whitespace(
            1,
        ),
        134..135,
    ),
    (
        Text(
            "various",
        ),
        135..142,
    ),
    (
        Whitespace(
            1,
        ),
        142..143,
    ),
    (
        Text(
            "levels",
        ),
        143..149,
    ),
    (
        Whitespace(
            1,
        ),
        149..150,
    ),
    (
        Text(
            "of",
        ),
        150..152,
    ),
    (
        Whitespace(
            1,
        ),
        152..153,
    ),
    (
        Text(
            "nesting",
        ),
        153..160,
    ),
    (
        Period,
        160..161,
    ),
    (
        Whitespace(
            1,
        ),
        161..162,
    ),
    (
        Text(
            "{{paragraph}}",
        ),
        162..175,
    ),
    (
        BlankLine(
            Some(
                "\n",
            ),
        ),
        175..176,
    ),
    (
        BlankLine(
            Some(
                "\n",
            ),
        ),
        176..177,
    ),
    (
        Number(
            "1",
        ),
        177..178,
    ),
    (
        Period,
        178..179,
    ),
    (
        Whitespace(
            1,
        ),
        179..180,
    ),
    (
        Text(
            "Root",
        ),
        180..184,
    ),
    (
        Whitespace(
            1,
        ),
        184..185,
    ),
    (
        Text(
            "Session",
        ),
        185..192,
    ),
    (
        Whitespace(
            1,
        ),
        192..193,
    ),
    (
        Text(
            "{{session",
        ),
        193..202,
    ),
    (
        Dash,
        202..203,
    ),
    (
        Text(
            "title}}",
        ),
        203..210,
    ),
    (
        BlankLine(
            Some(
                "\n",
            ),
        ),
        210..211,
    ),
    (
        BlankLine(
            Some(
                "\n",
            ),
        ),
        211..212,
    ),
    (
        Indent(
            [
                (
                    Indentation,
                    212..216,
                ),
            ],
        ),
        0..0,
    ),
    (
        Text(
            "This",
        ),
        216..220,
    ),
    (
        Whitespace(
            1,
        ),
        220..221,
    ),
    (
        Text(
            "root",
        ),
        221..225,
    ),
    (
        Whitespace(
            1,
        ),
        225..226,
    ),
    (
        Text(
            "session",
        ),
        226..233,
    ),
    (
        Whitespace(
            1,
        ),
        233..234,
    ),
    (
        Text(
            "contains",
        ),
        234..242,
    ),
    (
        Whitespace(
            1,
        ),
        242..243,
    ),
    (
        Text(
            "various",
        ),
        243..250,
    ),
    (
        Whitespace(
            1,
        ),
        250..251,
    ),
    (
        Text(
            "nested",
        ),
        251..257,
    ),
    (
        Whitespace(
            1,
        ),
        257..258,
    ),
    (
        Text(
            "elements",
        ),
        258..266,
    ),
    (
        Period,
        266..267,
    ),
    (
        Whitespace(
            1,
        ),
        267..268,
    ),
    (
        Text(
            "{{paragraph}}",
        ),
        268..281,
    ),
    (
        BlankLine(
            Some(
                "\n",
            ),
        ),
        281..282,
    ),
    (
        BlankLine(
            Some(
                "\n",
            ),
        ),
        282..283,
    ),
    (
        Number(
            "1",
        ),
        287..288,
    ),
    (
        Period,
        288..289,
    ),
    (
        Number(
            "1",
        ),
        289..290,
    ),
    (
        Period,
        290..291,
    ),
    (
        Whitespace(
            1,
        ),
        291..292,
    ),
    (
        Text(
            "Sub",
        ),
        292..295,
    ),
    (
        Dash,
        295..296,
    ),
    (
        Text(
            "session",
        ),
        296..303,
    ),
    (
        Whitespace(
            1,
        ),
        303..304,
    ),
    (
        Text(
            "with",
        ),
        304..308,
    ),
    (
        Whitespace(
            1,
        ),
        308..309,
    ),
    (
        Text(
            "Paragraph",
        ),
        309..318,
    ),
    (
        Whitespace(
            1,
        ),
        318..319,
    ),
    (
        Text(
            "{{session",
        ),
        319..328,
    ),
    (
        Dash,
        328..329,
    ),
    (
        Text(
            "title}}",
        ),
        329..336,
    ),
    (
        BlankLine(
            Some(
                "\n",
            ),
        ),
        336..337,
    ),
    (
        BlankLine(
            Some(
                "\n",
            ),
        ),
        337..338,
    ),
    (
        Indent(
            [
                (
                    Indentation,
                    342..346,
                ),
            ],
        ),
        0..0,
    ),
    (
        Text(
            "This",
        ),
        346..350,
    ),
    (
        Whitespace(
            1,
        ),
        350..351,
    ),
    (
        Text(
            "sub",
        ),
        351..354,
    ),
    (
        Dash,
        354..355,
    ),
    (
        Text(
            "session",
        ),
        355..362,
    ),
    (
        Whitespace(
            1,
        ),
        362..363,
    ),
    (
        Text(
            "starts",
        ),
        363..369,
    ),
    (
        Whitespace(
            1,
        ),
        369..370,
    ),
    (
        Text(
            "with",
        ),
        370..374,
    ),
    (
        Whitespace(
            1,
        ),
        374..375,
    ),
    (
        Text(
            "a",
        ),
        375..376,
    ),
    (
        Whitespace(
            1,
        ),
        376..377,
    ),
    (
        Text(
            "paragraph",
        ),
        377..386,
    ),
    (
        Period,
        386..387,
    ),
    (
        Whitespace(
            1,
        ),
        387..388,
    ),
    (
        Text(
            "{{paragraph}}",
        ),
        388..401,
    ),
    (
        BlankLine(
            Some(
                "\n",
            ),
        ),
        401..402,
    ),
    (
        BlankLine(
            Some(
                "\n",
            ),
        ),
        402..403,
    ),
    (
        Dash,
        411..412,
    ),
    (
        Whitespace(
            1,
        ),
        412..413,
    ),
    (
        Text(
            "Then",
        ),
        413..417,
    ),
    (
        Whitespace(
            1,
        ),
        417..418,
    ),
    (
        Text(
            "has",
        ),
        418..421,
    ),
    (
        Whitespace(
            1,
        ),
        421..422,
    ),
    (
        Text(
            "a",
        ),
        422..423,
    ),
    (
        Whitespace(
            1,
        ),
        423..424,
    ),
    (
        Text(
            "list",
        ),
        424..428,
    ),
    (
        Whitespace(
            1,
        ),
        428..429,
    ),
    (
        Text(
            "{{list",
        ),
        429..435,
    ),
    (
        Dash,
        435..436,
    ),
    (
        Text(
            "item}}",
        ),
        436..442,
    ),
    (
        BlankLine(
            Some(
                "\n",
            ),
        ),
        442..443,
    ),
    (
        Dash,
        451..452,
    ),
    (
        Whitespace(
            1,
        ),
        452..453,
    ),
    (
        Text(
            "With",
        ),
        453..457,
    ),
    (
        Whitespace(
            1,
        ),
        457..458,
    ),
    (
        Text(
            "multiple",
        ),
        458..466,
    ),
    (
        Whitespace(
            1,
        ),
        466..467,
    ),
    (
        Text(
            "items",
        ),
        467..472,
    ),
    (
        Whitespace(
            1,
        ),
        472..473,
    ),
    (
        Text(
            "{{list",
        ),
        473..479,
    ),
    (
        Dash,
        479..480,
    ),
    (
        Text(
            "item}}",
        ),
        480..486,
    ),
    (
        BlankLine(
            Some(
                "\n",
            ),
        ),
        486..487,
    ),
    (
        BlankLine(
            Some(
                "\n",
            ),
        ),
        487..488,
    ),
    (
        Dedent(
            [],
        ),
        0..0,
    ),
    (
        Number(
            "1",
        ),
        492..493,
    ),
    (
        Period,
        493..494,
    ),
    (
        Number(
            "2",
        ),
        494..495,
    ),
    (
        Period,
        495..496,
    ),
    (
        Whitespace(
            1,
        ),
        496..497,
    ),
    (
        Text(
            "Sub",
        ),
        497..500,
    ),
    (
        Dash,
        500..501,
    ),
    (
        Text(
            "session",
        ),
        501..508,
    ),
    (
        Whitespace(
            1,
        ),
        508..509,
    ),
    (
        Text(
            "with",
        ),
        509..513,
    ),
    (
        Whitespace(
            1,
        ),
        513..514,
    ),
    (
        Text(
            "List",
        ),
        514..518,
    ),
    (
        Whitespace(
            1,
        ),
        518..519,
    ),
    (
        Text(
            "{{session",
        ),
        519..528,
    ),
    (
        Dash,
        528..529,
    ),
    (
        Text(
            "title}}",
        ),
        529..536,
    ),
    (
        BlankLine(
            Some(
                "\n",
            ),
        ),
        536..537,
    ),
    (
        BlankLine(
            Some(
                "\n",
            ),
        ),
        537..538,
    ),
    (
        Indent(
            [
                (
                    Indentation,
                    542..546,
                ),
            ],
        ),
        0..0,
    ),
    (
        Dash,
        546..547,
    ),
    (
        Whitespace(
            1,
        ),
        547..548,
    ),
    (
        Text(
            "Starts",
        ),
        548..554,
    ),
    (
        Whitespace(
            1,
        ),
        554..555,
    ),
    (
        Text(
            "with",
        ),
        555..559,
    ),
    (
        Whitespace(
            1,
        ),
        559..560,
    ),
    (
        Text(
            "a",
        ),
        560..561,
    ),
    (
        Whitespace(
            1,
        ),
        561..562,
    ),
    (
        Text(
            "list",
        ),
        562..566,
    ),
    (
        Whitespace(
            1,
        ),
        566..567,
    ),
    (
        Text(
            "{{list",
        ),
        567..573,
    ),
    (
        Dash,
        573..574,
    ),
    (
        Text(
            "item}}",
        ),
        574..580,
    ),
    (
        BlankLine(
            Some(
                "\n",
            ),
        ),
        580..581,
    ),
    (
        Dash,
        589..590,
    ),
    (
        Whitespace(
            1,
        ),
        590..591,
    ),
    (
        Text(
            "Has",
        ),
        591..594,
    ),
    (
        Whitespace(
            1,
        ),
        594..595,
    ),
    (
        Text(
            "multiple",
        ),
        595..603,
    ),
    (
        Whitespace(
            1,
        ),
        603..604,
    ),
    (
        Text(
            "items",
        ),
        604..609,
    ),
    (
        Whitespace(
            1,
        ),
        609..610,
    ),
    (
        Text(
            "{{list",
        ),
        610..616,
    ),
    (
        Dash,
        616..617,
    ),
    (
        Text(
            "item}}",
        ),
        617..623,
    ),
    (
        BlankLine(
            Some(
                "\n",
            ),
        ),
        623..624,
    ),
    (
        BlankLine(
            Some(
                "\n",
            ),
        ),
        624..625,
    ),
    (
        Text(
            "Then",
        ),
        633..637,
    ),
    (
        Whitespace(
            1,
        ),
        637..638,
    ),
    (
        Text(
            "has",
        ),
        638..641,
    ),
    (
        Whitespace(
            1,
        ),
        641..642,
    ),
    (
        Text(
            "a",
        ),
        642..643,
    ),
    (
        Whitespace(
            1,
        ),
        643..644,
    ),
    (
        Text(
            "paragraph",
        ),
        644..653,
    ),
    (
        Period,
        653..654,
    ),
    (
        Whitespace(
            1,
        ),
        654..655,
    ),
    (
        Text(
            "{{paragraph}}",
        ),
        655..668,
    ),
    (
        BlankLine(
            Some(
                "\n",
            ),
        ),
        668..669,
    ),
    (
        BlankLine(
            Some(
                "\n",
            ),
        ),
        669..670,
    ),
    (
        Number(
            "1",
        ),
        678..679,
    ),
    (
        Period,
        679..680,
    ),
    (
        Number(
            "2",
        ),
        680..681,
    ),
    (
        Period,
        681..682,
    ),
    (
        Number(
            "1",
        ),
        682..683,
    ),
    (
        Period,
        683..684,
    ),
    (
        Whitespace(
            1,
        ),
        684..685,
    ),
    (
        Text(
            "Deeply",
        ),
        685..691,
    ),
    (
        Whitespace(
            1,
        ),
        691..692,
    ),
    (
        Text(
            "Nested",
        ),
        692..698,
    ),
    (
        Whitespace(
            1,
        ),
        698..699,
    ),
    (
        Text(
            "Session",
        ),
        699..706,
    ),
    (
        Whitespace(
            1,
        ),
        706..707,
    ),
    (
        Text(
            "{{session",
        ),
        707..716,
    ),
    (
        Dash,
        716..717,
    ),
    (
        Text(
            "title}}",
        ),
        717..724,
    ),
    (
        BlankLine(
            Some(
                "\n",
            ),
        ),
        724..725,
    ),
    (
        BlankLine(
            Some(
                "\n",
            ),
        ),
        725..726,
    ),
    (
        Indent(
            [
                (
                    Indentation,
                    734..738,
                ),
            ],
        ),
        0..0,
    ),
    (
        Text(
            "This",
        ),
        738..742,
    ),
    (
        Whitespace(
            1,
        ),
        742..743,
    ),
    (
        Text(
            "is",
        ),
        743..745,
    ),
    (
        Whitespace(
            1,
        ),
        745..746,
    ),
    (
        Text(
            "a",
        ),
        746..747,
    ),
    (
        Whitespace(
            1,
        ),
        747..748,
    ),
    (
        Text(
            "deeply",
        ),
        748..754,
    ),
    (
        Whitespace(
            1,
        ),
        754..755,
    ),
    (
        Text(
            "nested",
        ),
        755..761,
    ),
    (
        Whitespace(
            1,
        ),
        761..762,
    ),
    (
        Text(
            "session",
        ),
        762..769,
    ),
    (
        Period,
        769..770,
    ),
    (
        Whitespace(
            1,
        ),
        770..771,
    ),
    (
        Text(
            "{{paragraph}}",
        ),
        771..784,
    ),
    (
        BlankLine(
            Some(
                "\n",
            ),
        ),
        784..785,
    ),
    (
        BlankLine(
            Some(
                "\n",
            ),
        ),
        785..786,
    ),
    (
        Dash,
        798..799,
    ),
    (
        Whitespace(
            1,
        ),
        799..800,
    ),
    (
        Text(
            "With",
        ),
        800..804,
    ),
    (
        Whitespace(
            1,
        ),
        804..805,
    ),
    (
        Text(
            "its",
        ),
        805..808,
    ),
    (
        Whitespace(
            1,
        ),
        808..809,
    ),
    (
        Text(
            "own",
        ),
        809..812,
    ),
    (
        Whitespace(
            1,
        ),
        812..813,
    ),
    (
        Text(
            "list",
        ),
        813..817,
    ),
    (
        Whitespace(
            1,
        ),
        817..818,
    ),
    (
        Text(
            "{{list",
        ),
        818..824,
    ),
    (
        Dash,
        824..825,
    ),
    (
        Text(
            "item}}",
        ),
        825..831,
    ),
    (
        BlankLine(
            Some(
                "\n",
            ),
        ),
        831..832,
    ),
    (
        Dash,
        844..845,
    ),
    (
        Whitespace(
            1,
        ),
        845..846,
    ),
    (
        Text(
            "And",
        ),
        846..849,
    ),
    (
        Whitespace(
            1,
        ),
        849..850,
    ),
    (
        Text(
            "multiple",
        ),
        850..858,
    ),
    (
        Whitespace(
            1,
        ),
        858..859,
    ),
    (
        Text(
            "items",
        ),
        859..864,
    ),
    (
        Whitespace(
            1,
        ),
        864..865,
    ),
    (
        Text(
            "{{list",
        ),
        865..871,
    ),
    (
        Dash,
        871..872,
    ),
    (
        Text(
            "item}}",
        ),
        872..878,
    ),
    (
        BlankLine(
            Some(
                "\n",
            ),
        ),
        878..879,
    ),
    (
        BlankLine(
            Some(
                "\n",
            ),
        ),
        879..880,
    ),
    (
        Dash,
        892..893,
    ),
    (
        Whitespace(
            1,
        ),
        893..894,
    ),
    (
        Text(
            "Another",
        ),
        894..901,
    ),
    (
        Whitespace(
            1,
        ),
        901..902,
    ),
    (
        Text(
            "list",
        ),
        902..906,
    ),
    (
        Whitespace(
            1,
        ),
        906..907,
    ),
    (
        Text(
            "follows",
        ),
        907..914,
    ),
    (
        Whitespace(
            1,
        ),
        914..915,
    ),
    (
        Text(
            "{{list",
        ),
        915..921,
    ),
    (
        Dash,
        921..922,
    ),
    (
        Text(
            "item}}",
        ),
        922..928,
    ),
    (
        BlankLine(
            Some(
                "\n",
            ),
        ),
        928..929,
    ),
    (
        Dash,
        941..942,
    ),
    (
        Whitespace(
            1,
        ),
        942..943,
    ),
    (
        Text(
            "In",
        ),
        943..945,
    ),
    (
        Whitespace(
            1,
        ),
        945..946,
    ),
    (
        Text(
            "the",
        ),
        946..949,
    ),
    (
        Whitespace(
            1,
        ),
        949..950,
    ),
    (
        Text(
            "same",
        ),
        950..954,
    ),
    (
        Whitespace(
            1,
        ),
        954..955,
    ),
    (
        Text(
            "session",
        ),
        955..962,
    ),
    (
        Whitespace(
            1,
        ),
        962..963,
    ),
    (
        Text(
            "{{list",
        ),
        963..969,
    ),
    (
        Dash,
        969..970,
    ),
    (
        Text(
            "item}}",
        ),
        970..976,
    ),
    (
        BlankLine(
            Some(
                "\n",
            ),
        ),
        976..977,
    ),
    (
        BlankLine(
            Some(
                "\n",
            ),
        ),
        977..978,
    ),
    (
        Dedent(
            [],
        ),
        0..0,
    ),
    (
        Dedent(
            [],
        ),
        0..0,
    ),
    (
        Text(
            "Back",
        ),
        982..986,
    ),
    (
        Whitespace(
            1,
        ),
        986..987,
    ),
    (
        Text(
            "to",
        ),
        987..989,
    ),
    (
        Whitespace(
            1,
        ),
        989..990,
    ),
    (
        Text(
            "the",
        ),
        990..993,
    ),
    (
        Whitespace(
            1,
        ),
        993..994,
    ),
    (
        Text(
            "root",
        ),
        994..998,
    ),
    (
        Whitespace(
            1,
        ),
        998..999,
    ),
    (
        Text(
            "session",
        ),
        999..1006,
    ),
    (
        Whitespace(
            1,
        ),
        1006..1007,
    ),
    (
        Text(
            "level",
        ),
        1007..1012,
    ),
    (
        Period,
        1012..1013,
    ),
    (
        Whitespace(
            1,
        ),
        1013..1014,
    ),
    (
        Text(
            "{{paragraph}}",
        ),
        1014..1027,
    ),
    (
        BlankLine(
            Some(
                "\n",
            ),
        ),
        1027..1028,
    ),
    (
        BlankLine(
            Some(
                "\n",
            ),
        ),
        1028..1029,
    ),
    (
        Dash,
        1033..1034,
    ),
    (
        Whitespace(
            1,
        ),
        1034..1035,
    ),
    (
        Text(
            "Root",
        ),
        1035..1039,
    ),
    (
        Whitespace(
            1,
        ),
        1039..1040,
    ),
    (
        Text(
            "session",
        ),
        1040..1047,
    ),
    (
        Whitespace(
            1,
        ),
        1047..1048,
    ),
    (
        Text(
            "can",
        ),
        1048..1051,
    ),
    (
        Whitespace(
            1,
        ),
        1051..1052,
    ),
    (
        Text(
            "also",
        ),
        1052..1056,
    ),
    (
        Whitespace(
            1,
        ),
        1056..1057,
    ),
    (
        Text(
            "have",
        ),
        1057..1061,
    ),
    (
        Whitespace(
            1,
        ),
        1061..1062,
    ),
    (
        Text(
            "lists",
        ),
        1062..1067,
    ),
    (
        Whitespace(
            1,
        ),
        1067..1068,
    ),
    (
        Text(
            "{{list",
        ),
        1068..1074,
    ),
    (
        Dash,
        1074..1075,
    ),
    (
        Text(
            "item}}",
        ),
        1075..1081,
    ),
    (
        BlankLine(
            Some(
                "\n",
            ),
        ),
        1081..1082,
    ),
    (
        Dash,
        1086..1087,
    ),
    (
        Whitespace(
            1,
        ),
        1087..1088,
    ),
    (
        Text(
            "At",
        ),
        1088..1090,
    ),
    (
        Whitespace(
            1,
        ),
        1090..1091,
    ),
    (
        Text(
            "its",
        ),
        1091..1094,
    ),
    (
        Whitespace(
            1,
        ),
        1094..1095,
    ),
    (
        Text(
            "own",
        ),
        1095..1098,
    ),
    (
        Whitespace(
            1,
        ),
        1098..1099,
    ),
    (
        Text(
            "level",
        ),
        1099..1104,
    ),
    (
        Whitespace(
            1,
        ),
        1104..1105,
    ),
    (
        Text(
            "{{list",
        ),
        1105..1111,
    ),
    (
        Dash,
        1111..1112,
    ),
    (
        Text(
            "item}}",
        ),
        1112..1118,
    ),
    (
        BlankLine(
            Some(
                "\n",
            ),
        ),
        1118..1119,
    ),
    (
        BlankLine(
            Some(
                "\n",
            ),
        ),
        1119..1120,
    ),
    (
        Dedent(
            [],
        ),
        0..0,
    ),
    (
        Number(
            "2",
        ),
        1120..1121,
    ),
    (
        Period,
        1121..1122,
    ),
    (
        Whitespace(
            1,
        ),
        1122..1123,
    ),
    (
        Text(
            "Another",
        ),
        1123..1130,
    ),
    (
        Whitespace(
            1,
        ),
        1130..1131,
    ),
    (
        Text(
            "Root",
        ),
        1131..1135,
    ),
    (
        Whitespace(
            1,
        ),
        1135..1136,
    ),
    (
        Text(
            "Session",
        ),
        1136..1143,
    ),
    (
        Whitespace(
            1,
        ),
        1143..1144,
    ),
    (
        Text(
            "{{session",
        ),
        1144..1153,
    ),
    (
        Dash,
        1153..1154,
    ),
    (
        Text(
            "title}}",
        ),
        1154..1161,
    ),
    (
        BlankLine(
            Some(
                "\n",
            ),
        ),
        1161..1162,
    ),
    (
        BlankLine(
            Some(
                "\n",
            ),
        ),
        1162..1163,
    ),
    (
        Indent(
            [
                (
                    Indentation,
                    1163..1167,
                ),
            ],
        ),
        0..0,
    ),
    (
        Text(
            "This",
        ),
        1167..1171,
    ),
    (
        Whitespace(
            1,
        ),
        1171..1172,
    ),
    (
        Text(
            "session",
        ),
        1172..1179,
    ),
    (
        Whitespace(
            1,
        ),
        1179..1180,
    ),
    (
        Text(
            "demonstrates",
        ),
        1180..1192,
    ),
    (
        Whitespace(
            1,
        ),
        1192..1193,
    ),
    (
        Text(
            "different",
        ),
        1193..1202,
    ),
    (
        Whitespace(
            1,
        ),
        1202..1203,
    ),
    (
        Text(
            "nesting",
        ),
        1203..1210,
    ),
    (
        Whitespace(
            1,
        ),
        1210..1211,
    ),
    (
        Text(
            "patterns",
        ),
        1211..1219,
    ),
    (
        Period,
        1219..1220,
    ),
    (
        Whitespace(
            1,
        ),
        1220..1221,
    ),
    (
        Text(
            "{{paragraph}}",
        ),
        1221..1234,
    ),
    (
        BlankLine(
            Some(
                "\n",
            ),
        ),
        1234..1235,
    ),
    (
        BlankLine(
            Some(
                "\n",
            ),
        ),
        1235..1236,
    ),
    (
        Number(
            "2",
        ),
        1240..1241,
    ),
    (
        Period,
        1241..1242,
    ),
    (
        Number(
            "1",
        ),
        1242..1243,
    ),
    (
        Period,
        1243..1244,
    ),
    (
        Whitespace(
            1,
        ),
        1244..1245,
    ),
    (
        Text(
            "Mixed",
        ),
        1245..1250,
    ),
    (
        Whitespace(
            1,
        ),
        1250..1251,
    ),
    (
        Text(
            "Content",
        ),
        1251..1258,
    ),
    (
        Whitespace(
            1,
        ),
        1258..1259,
    ),
    (
        Text(
            "Sub",
        ),
        1259..1262,
    ),
    (
        Dash,
        1262..1263,
    ),
    (
        Text(
            "session",
        ),
        1263..1270,
    ),
    (
        Whitespace(
            1,
        ),
        1270..1271,
    ),
    (
        Text(
            "{{session",
        ),
        1271..1280,
    ),
    (
        Dash,
        1280..1281,
    ),
    (
        Text(
            "title}}",
        ),
        1281..1288,
    ),
    (
        BlankLine(
            Some(
                "\n",
            ),
        ),
        1288..1289,
    ),
    (
        BlankLine(
            Some(
                "\n",
            ),
        ),
        1289..1290,
    ),
    (
        Indent(
            [
                (
                    Indentation,
                    1294..1298,
                ),
            ],
        ),
        0..0,
    ),
    (
        Dash,
        1298..1299,
    ),
    (
        Whitespace(
            1,
        ),
        1299..1300,
    ),
    (
        Text(
            "Starts",
        ),
        1300..1306,
    ),
    (
        Whitespace(
            1,
        ),
        1306..1307,
    ),
    (
        Text(
            "with",
        ),
        1307..1311,
    ),
    (
        Whitespace(
            1,
        ),
        1311..1312,
    ),
    (
        Text(
            "list",
        ),
        1312..1316,
    ),
    (
        Whitespace(
            1,
        ),
        1316..1317,
    ),
    (
        Text(
            "{{list",
        ),
        1317..1323,
    ),
    (
        Dash,
        1323..1324,
    ),
    (
        Text(
            "item}}",
        ),
        1324..1330,
    ),
    (
        BlankLine(
            Some(
                "\n",
            ),
        ),
        1330..1331,
    ),
    (
        Dash,
        1339..1340,
    ),
    (
        Whitespace(
            1,
        ),
        1340..1341,
    ),
    (
        Text(
            "Multiple",
        ),
        1341..1349,
    ),
    (
        Whitespace(
            1,
        ),
        1349..1350,
    ),
    (
        Text(
            "items",
        ),
        1350..1355,
    ),
    (
        Whitespace(
            1,
        ),
        1355..1356,
    ),
    (
        Text(
            "{{list",
        ),
        1356..1362,
    ),
    (
        Dash,
        1362..1363,
    ),
    (
        Text(
            "item}}",
        ),
        1363..1369,
    ),
    (
        BlankLine(
            Some(
                "\n",
            ),
        ),
        1369..1370,
    ),
    (
        BlankLine(
            Some(
                "\n",
            ),
        ),
        1370..1371,
    ),
    (
        Text(
            "Paragraph",
        ),
        1379..1388,
    ),
    (
        Whitespace(
            1,
        ),
        1388..1389,
    ),
    (
        Text(
            "in",
        ),
        1389..1391,
    ),
    (
        Whitespace(
            1,
        ),
        1391..1392,
    ),
    (
        Text(
            "the",
        ),
        1392..1395,
    ),
    (
        Whitespace(
            1,
        ),
        1395..1396,
    ),
    (
        Text(
            "middle",
        ),
        1396..1402,
    ),
    (
        Period,
        1402..1403,
    ),
    (
        Whitespace(
            1,
        ),
        1403..1404,
    ),
    (
        Text(
            "{{paragraph}}",
        ),
        1404..1417,
    ),
    (
        BlankLine(
            Some(
                "\n",
            ),
        ),
        1417..1418,
    ),
    (
        BlankLine(
            Some(
                "\n",
            ),
        ),
        1418..1419,
    ),
    (
        Dash,
        1427..1428,
    ),
    (
        Whitespace(
            1,
        ),
        1428..1429,
    ),
    (
        Text(
            "Ends",
        ),
        1429..1433,
    ),
    (
        Whitespace(
            1,
        ),
        1433..1434,
    ),
    (
        Text(
            "with",
        ),
        1434..1438,
    ),
    (
        Whitespace(
            1,
        ),
        1438..1439,
    ),
    (
        Text(
            "another",
        ),
        1439..1446,
    ),
    (
        Whitespace(
            1,
        ),
        1446..1447,
    ),
    (
        Text(
            "list",
        ),
        1447..1451,
    ),
    (
        Whitespace(
            1,
        ),
        1451..1452,
    ),
    (
        Text(
            "{{list",
        ),
        1452..1458,
    ),
    (
        Dash,
        1458..1459,
    ),
    (
        Text(
            "item}}",
        ),
        1459..1465,
    ),
    (
        BlankLine(
            Some(
                "\n",
            ),
        ),
        1465..1466,
    ),
    (
        Dash,
        1474..1475,
    ),
    (
        Whitespace(
            1,
        ),
        1475..1476,
    ),
    (
        Text(
            "To",
        ),
        1476..1478,
    ),
    (
        Whitespace(
            1,
        ),
        1478..1479,
    ),
    (
        Text(
            "complete",
        ),
        1479..1487,
    ),
    (
        Whitespace(
            1,
        ),
        1487..1488,
    ),
    (
        Text(
            "the",
        ),
        1488..1491,
    ),
    (
        Whitespace(
            1,
        ),
        1491..1492,
    ),
    (
        Text(
            "pattern",
        ),
        1492..1499,
    ),
    (
        Whitespace(
            1,
        ),
        1499..1500,
    ),
    (
        Text(
            "{{list",
        ),
        1500..1506,
    ),
    (
        Dash,
        1506..1507,
    ),
    (
        Text(
            "item}}",
        ),
        1507..1513,
    ),
    (
        BlankLine(
            Some(
                "\n",
            ),
        ),
        1513..1514,
    ),
    (
        BlankLine(
            Some(
                "\n",
            ),
        ),
        1514..1515,
    ),
    (
        Number(
            "2",
        ),
        1523..1524,
    ),
    (
        Period,
        1524..1525,
    ),
    (
        Number(
            "1",
        ),
        1525..1526,
    ),
    (
        Period,
        1526..1527,
    ),
    (
        Number(
            "1",
        ),
        1527..1528,
    ),
    (
        Period,
        1528..1529,
    ),
    (
        Whitespace(
            1,
        ),
        1529..1530,
    ),
    (
        Text(
            "Even",
        ),
        1530..1534,
    ),
    (
        Whitespace(
            1,
        ),
        1534..1535,
    ),
    (
        Text(
            "Deeper",
        ),
        1535..1541,
    ),
    (
        Whitespace(
            1,
        ),
        1541..1542,
    ),
    (
        Text(
            "Nesting",
        ),
        1542..1549,
    ),
    (
        Whitespace(
            1,
        ),
        1549..1550,
    ),
    (
        Text(
            "{{session",
        ),
        1550..1559,
    ),
    (
        Dash,
        1559..1560,
    ),
    (
        Text(
            "title}}",
        ),
        1560..1567,
    ),
    (
        BlankLine(
            Some(
                "\n",
            ),
        ),
        1567..1568,
    ),
    (
        BlankLine(
            Some(
                "\n",
            ),
        ),
        1568..1569,
    ),
    (
        Indent(
            [
                (
                    Indentation,
                    1577..1581,
                ),
            ],
        ),
        0..0,
    ),
    (
        Text(
            "The",
        ),
        1581..1584,
    ),
    (
        Whitespace(
            1,
        ),
        1584..1585,
    ),
    (
        Text(
            "deepest",
        ),
        1585..1592,
    ),
    (
        Whitespace(
            1,
        ),
        1592..1593,
    ),
    (
        Text(
            "level",
        ),
        1593..1598,
    ),
    (
        Whitespace(
            1,
        ),
        1598..1599,
    ),
    (
        Text(
            "contains",
        ),
        1599..1607,
    ),
    (
        Whitespace(
            1,
        ),
        1607..1608,
    ),
    (
        Text(
            "paragraphs",
        ),
        1608..1618,
    ),
    (
        Whitespace(
            1,
        ),
        1618..1619,
    ),
    (
        Text(
            "and",
        ),
        1619..1622,
    ),
    (
        Whitespace(
            1,
        ),
        1622..1623,
    ),
    (
        Text(
            "lists",
        ),
        1623..1628,
    ),
    (
        Period,
        1628..1629,
    ),
    (
        Whitespace(
            1,
        ),
        1629..1630,
    ),
    (
        Text(
            "{{paragraph}}",
        ),
        1630..1643,
    ),
    (
        BlankLine(
            Some(
                "\n",
            ),
        ),
        1643..1644,
    ),
    (
        BlankLine(
            Some(
                "\n",
            ),
        ),
        1644..1645,
    ),
    (
        Dash,
        1657..1658,
    ),
    (
        Whitespace(
            1,
        ),
        1658..1659,
    ),
    (
        Text(
            "First",
        ),
        1659..1664,
    ),
    (
        Whitespace(
            1,
        ),
        1664..1665,
    ),
    (
        Text(
            "deep",
        ),
        1665..1669,
    ),
    (
        Whitespace(
            1,
        ),
        1669..1670,
    ),
    (
        Text(
            "list",
        ),
        1670..1674,
    ),
    (
        Whitespace(
            1,
        ),
        1674..1675,
    ),
    (
        Text(
            "{{list",
        ),
        1675..1681,
    ),
    (
        Dash,
        1681..1682,
    ),
    (
        Text(
            "item}}",
        ),
        1682..1688,
    ),
    (
        BlankLine(
            Some(
                "\n",
            ),
        ),
        1688..1689,
    ),
    (
        Dash,
        1701..1702,
    ),
    (
        Whitespace(
            1,
        ),
        1702..1703,
    ),
    (
        Text(
            "Second",
        ),
        1703..1709,
    ),
    (
        Whitespace(
            1,
        ),
        1709..1710,
    ),
    (
        Text(
            "deep",
        ),
        1710..1714,
    ),
    (
        Whitespace(
            1,
        ),
        1714..1715,
    ),
    (
        Text(
            "item",
        ),
        1715..1719,
    ),
    (
        Whitespace(
            1,
        ),
        1719..1720,
    ),
    (
        Text(
            "{{list",
        ),
        1720..1726,
    ),
    (
        Dash,
        1726..1727,
    ),
    (
        Text(
            "item}}",
        ),
        1727..1733,
    ),
    (
        BlankLine(
            Some(
                "\n",
            ),
        ),
        1733..1734,
    ),
    (
        BlankLine(
            Some(
                "\n",
            ),
        ),
        1734..1735,
    ),
    (
        Text(
            "Another",
        ),
        1747..1754,
    ),
    (
        Whitespace(
            1,
        ),
        1754..1755,
    ),
    (
        Text(
            "paragraph",
        ),
        1755..1764,
    ),
    (
        Whitespace(
            1,
        ),
        1764..1765,
    ),
    (
        Text(
            "at",
        ),
        1765..1767,
    ),
    (
        Whitespace(
            1,
        ),
        1767..1768,
    ),
    (
        Text(
            "deep",
        ),
        1768..1772,
    ),
    (
        Whitespace(
            1,
        ),
        1772..1773,
    ),
    (
        Text(
            "level",
        ),
        1773..1778,
    ),
    (
        Period,
        1778..1779,
    ),
    (
        Whitespace(
            1,
        ),
        1779..1780,
    ),
    (
        Text(
            "{{paragraph}}",
        ),
        1780..1793,
    ),
    (
        BlankLine(
            Some(
                "\n",
            ),
        ),
        1793..1794,
    ),
    (
        BlankLine(
            Some(
                "\n",
            ),
        ),
        1794..1795,
    ),
    (
        Dash,
        1807..1808,
    ),
    (
        Whitespace(
            1,
        ),
        1808..1809,
    ),
    (
        Text(
            "Second",
        ),
        1809..1815,
    ),
    (
        Whitespace(
            1,
        ),
        1815..1816,
    ),
    (
        Text(
            "deep",
        ),
        1816..1820,
    ),
    (
        Whitespace(
            1,
        ),
        1820..1821,
    ),
    (
        Text(
            "list",
        ),
        1821..1825,
    ),
    (
        Whitespace(
            1,
        ),
        1825..1826,
    ),
    (
        Text(
            "{{list",
        ),
        1826..1832,
    ),
    (
        Dash,
        1832..1833,
    ),
    (
        Text(
            "item}}",
        ),
        1833..1839,
    ),
    (
        BlankLine(
            Some(
                "\n",
            ),
        ),
        1839..1840,
    ),
    (
        Dash,
        1852..1853,
    ),
    (
        Whitespace(
            1,
        ),
        1853..1854,
    ),
    (
        Text(
            "Completing",
        ),
        1854..1864,
    ),
    (
        Whitespace(
            1,
        ),
        1864..1865,
    ),
    (
        Text(
            "the",
        ),
        1865..1868,
    ),
    (
        Whitespace(
            1,
        ),
        1868..1869,
    ),
    (
        Text(
            "deep",
        ),
        1869..1873,
    ),
    (
        Whitespace(
            1,
        ),
        1873..1874,
    ),
    (
        Text(
            "structure",
        ),
        1874..1883,
    ),
    (
        Whitespace(
            1,
        ),
        1883..1884,
    ),
    (
        Text(
            "{{list",
        ),
        1884..1890,
    ),
    (
        Dash,
        1890..1891,
    ),
    (
        Text(
            "item}}",
        ),
        1891..1897,
    ),
    (
        BlankLine(
            Some(
                "\n",
            ),
        ),
        1897..1898,
    ),
    (
        BlankLine(
            Some(
                "\n",
            ),
        ),
        1898..1899,
    ),
    (
        Dedent(
            [],
        ),
        0..0,
    ),
    (
        Dedent(
            [],
        ),
        0..0,
    ),
    (
        Dedent(
            [],
        ),
        0..0,
    ),
    (
        Text(
            "Final",
        ),
        1899..1904,
    ),
    (
        Whitespace(
            1,
        ),
        1904..1905,
    ),
    (
        Text(
            "root",
        ),
        1905..1909,
    ),
    (
        Whitespace(
            1,
        ),
        1909..1910,
    ),
    (
        Text(
            "level",
        ),
        1910..1915,
    ),
    (
        Whitespace(
            1,
        ),
        1915..1916,
    ),
    (
        Text(
            "paragraph",
        ),
        1916..1925,
    ),
    (
        Period,
        1925..1926,
    ),
    (
        Whitespace(
            1,
        ),
        1926..1927,
    ),
    (
        Text(
            "{{paragraph}}",
        ),
        1927..1940,
    ),
    (
        BlankLine(
            Some(
                "\n",
            ),
        ),
        1940..1941,
    ),
]
