---
source: lex-parser/tests/tokenizer_documents.rs
expression: tokens
---
[
    (
        Text(
            "Simple",
        ),
        0..6,
    ),
    (
        Whitespace(
            1,
        ),
        6..7,
    ),
    (
        Text(
            "Paragraphs",
        ),
        7..17,
    ),
    (
        Whitespace(
            1,
        ),
        17..18,
    ),
    (
        Text(
            "Test",
        ),
        18..22,
    ),
    (
        Whitespace(
            1,
        ),
        22..23,
    ),
    (
        Text(
            "{{paragraph}}",
        ),
        23..36,
    ),
    (
        BlankLine(
            Some(
                "\n",
            ),
        ),
        36..37,
    ),
    (
        BlankLine(
            Some(
                "\n",
            ),
        ),
        37..38,
    ),
    (
        Text(
            "This",
        ),
        38..42,
    ),
    (
        Whitespace(
            1,
        ),
        42..43,
    ),
    (
        Text(
            "is",
        ),
        43..45,
    ),
    (
        Whitespace(
            1,
        ),
        45..46,
    ),
    (
        Text(
            "a",
        ),
        46..47,
    ),
    (
        Whitespace(
            1,
        ),
        47..48,
    ),
    (
        Text(
            "simple",
        ),
        48..54,
    ),
    (
        Whitespace(
            1,
        ),
        54..55,
    ),
    (
        Text(
            "paragraph",
        ),
        55..64,
    ),
    (
        Whitespace(
            1,
        ),
        64..65,
    ),
    (
        Text(
            "with",
        ),
        65..69,
    ),
    (
        Whitespace(
            1,
        ),
        69..70,
    ),
    (
        Text(
            "just",
        ),
        70..74,
    ),
    (
        Whitespace(
            1,
        ),
        74..75,
    ),
    (
        Text(
            "one",
        ),
        75..78,
    ),
    (
        Whitespace(
            1,
        ),
        78..79,
    ),
    (
        Text(
            "line",
        ),
        79..83,
    ),
    (
        Period,
        83..84,
    ),
    (
        Whitespace(
            1,
        ),
        84..85,
    ),
    (
        Text(
            "{{paragraph}}",
        ),
        85..98,
    ),
    (
        BlankLine(
            Some(
                "\n",
            ),
        ),
        98..99,
    ),
    (
        BlankLine(
            Some(
                "\n",
            ),
        ),
        99..100,
    ),
    (
        Text(
            "This",
        ),
        100..104,
    ),
    (
        Whitespace(
            1,
        ),
        104..105,
    ),
    (
        Text(
            "is",
        ),
        105..107,
    ),
    (
        Whitespace(
            1,
        ),
        107..108,
    ),
    (
        Text(
            "a",
        ),
        108..109,
    ),
    (
        Whitespace(
            1,
        ),
        109..110,
    ),
    (
        Text(
            "multi",
        ),
        110..115,
    ),
    (
        Dash,
        115..116,
    ),
    (
        Text(
            "line",
        ),
        116..120,
    ),
    (
        Whitespace(
            1,
        ),
        120..121,
    ),
    (
        Text(
            "paragraph",
        ),
        121..130,
    ),
    (
        Period,
        130..131,
    ),
    (
        BlankLine(
            Some(
                "\n",
            ),
        ),
        131..132,
    ),
    (
        Text(
            "It",
        ),
        132..134,
    ),
    (
        Whitespace(
            1,
        ),
        134..135,
    ),
    (
        Text(
            "continues",
        ),
        135..144,
    ),
    (
        Whitespace(
            1,
        ),
        144..145,
    ),
    (
        Text(
            "on",
        ),
        145..147,
    ),
    (
        Whitespace(
            1,
        ),
        147..148,
    ),
    (
        Text(
            "the",
        ),
        148..151,
    ),
    (
        Whitespace(
            1,
        ),
        151..152,
    ),
    (
        Text(
            "second",
        ),
        152..158,
    ),
    (
        Whitespace(
            1,
        ),
        158..159,
    ),
    (
        Text(
            "line",
        ),
        159..163,
    ),
    (
        Period,
        163..164,
    ),
    (
        BlankLine(
            Some(
                "\n",
            ),
        ),
        164..165,
    ),
    (
        Text(
            "And",
        ),
        165..168,
    ),
    (
        Whitespace(
            1,
        ),
        168..169,
    ),
    (
        Text(
            "even",
        ),
        169..173,
    ),
    (
        Whitespace(
            1,
        ),
        173..174,
    ),
    (
        Text(
            "has",
        ),
        174..177,
    ),
    (
        Whitespace(
            1,
        ),
        177..178,
    ),
    (
        Text(
            "a",
        ),
        178..179,
    ),
    (
        Whitespace(
            1,
        ),
        179..180,
    ),
    (
        Text(
            "third",
        ),
        180..185,
    ),
    (
        Whitespace(
            1,
        ),
        185..186,
    ),
    (
        Text(
            "line",
        ),
        186..190,
    ),
    (
        Period,
        190..191,
    ),
    (
        Whitespace(
            1,
        ),
        191..192,
    ),
    (
        Text(
            "{{paragraph}}",
        ),
        192..205,
    ),
    (
        BlankLine(
            Some(
                "\n",
            ),
        ),
        205..206,
    ),
    (
        BlankLine(
            Some(
                "\n",
            ),
        ),
        206..207,
    ),
    (
        Text(
            "Another",
        ),
        207..214,
    ),
    (
        Whitespace(
            1,
        ),
        214..215,
    ),
    (
        Text(
            "paragraph",
        ),
        215..224,
    ),
    (
        Whitespace(
            1,
        ),
        224..225,
    ),
    (
        Text(
            "follows",
        ),
        225..232,
    ),
    (
        Whitespace(
            1,
        ),
        232..233,
    ),
    (
        Text(
            "after",
        ),
        233..238,
    ),
    (
        Whitespace(
            1,
        ),
        238..239,
    ),
    (
        Text(
            "a",
        ),
        239..240,
    ),
    (
        Whitespace(
            1,
        ),
        240..241,
    ),
    (
        Text(
            "blank",
        ),
        241..246,
    ),
    (
        Whitespace(
            1,
        ),
        246..247,
    ),
    (
        Text(
            "line",
        ),
        247..251,
    ),
    (
        Period,
        251..252,
    ),
    (
        Whitespace(
            1,
        ),
        252..253,
    ),
    (
        Text(
            "{{paragraph}}",
        ),
        253..266,
    ),
    (
        BlankLine(
            Some(
                "\n",
            ),
        ),
        266..267,
    ),
    (
        BlankLine(
            Some(
                "\n",
            ),
        ),
        267..268,
    ),
    (
        Text(
            "This",
        ),
        268..272,
    ),
    (
        Whitespace(
            1,
        ),
        272..273,
    ),
    (
        Text(
            "paragraph",
        ),
        273..282,
    ),
    (
        Whitespace(
            1,
        ),
        282..283,
    ),
    (
        Text(
            "has",
        ),
        283..286,
    ),
    (
        Whitespace(
            1,
        ),
        286..287,
    ),
    (
        Text(
            "some",
        ),
        287..291,
    ),
    (
        Whitespace(
            1,
        ),
        291..292,
    ),
    (
        Text(
            "special",
        ),
        292..299,
    ),
    (
        Whitespace(
            1,
        ),
        299..300,
    ),
    (
        Text(
            "characters",
        ),
        300..310,
    ),
    (
        Colon,
        310..311,
    ),
    (
        Whitespace(
            1,
        ),
        311..312,
    ),
    (
        ExclamationMark,
        312..313,
    ),
    (
        Text(
            "@#$%^&*",
        ),
        313..320,
    ),
    (
        OpenParen,
        320..321,
    ),
    (
        CloseParen,
        321..322,
    ),
    (
        Text(
            "_+",
        ),
        322..324,
    ),
    (
        Dash,
        324..325,
    ),
    (
        Equals,
        325..326,
    ),
    (
        Text(
            "[]{}|",
        ),
        326..331,
    ),
    (
        Semicolon,
        331..332,
    ),
    (
        Text(
            "'",
        ),
        332..333,
    ),
    (
        Colon,
        333..334,
    ),
    (
        Quote,
        334..335,
    ),
    (
        Comma,
        335..336,
    ),
    (
        Period,
        336..337,
    ),
    (
        Text(
            "/<>",
        ),
        337..340,
    ),
    (
        QuestionMark,
        340..341,
    ),
    (
        Whitespace(
            1,
        ),
        341..342,
    ),
    (
        Text(
            "{{paragraph}}",
        ),
        342..355,
    ),
    (
        BlankLine(
            Some(
                "\n",
            ),
        ),
        355..356,
    ),
    (
        BlankLine(
            Some(
                "\n",
            ),
        ),
        356..357,
    ),
    (
        Text(
            "Paragraphs",
        ),
        357..367,
    ),
    (
        Whitespace(
            1,
        ),
        367..368,
    ),
    (
        Text(
            "can",
        ),
        368..371,
    ),
    (
        Whitespace(
            1,
        ),
        371..372,
    ),
    (
        Text(
            "contain",
        ),
        372..379,
    ),
    (
        Whitespace(
            1,
        ),
        379..380,
    ),
    (
        Text(
            "numbers",
        ),
        380..387,
    ),
    (
        Colon,
        387..388,
    ),
    (
        Whitespace(
            1,
        ),
        388..389,
    ),
    (
        Number(
            "123",
        ),
        389..392,
    ),
    (
        Comma,
        392..393,
    ),
    (
        Whitespace(
            1,
        ),
        393..394,
    ),
    (
        Number(
            "456",
        ),
        394..397,
    ),
    (
        Comma,
        397..398,
    ),
    (
        Whitespace(
            1,
        ),
        398..399,
    ),
    (
        Number(
            "789",
        ),
        399..402,
    ),
    (
        Whitespace(
            1,
        ),
        402..403,
    ),
    (
        Text(
            "{{paragraph}}",
        ),
        403..416,
    ),
    (
        BlankLine(
            Some(
                "\n",
            ),
        ),
        416..417,
    ),
    (
        BlankLine(
            Some(
                "\n",
            ),
        ),
        417..418,
    ),
    (
        Text(
            "And",
        ),
        418..421,
    ),
    (
        Whitespace(
            1,
        ),
        421..422,
    ),
    (
        Text(
            "they",
        ),
        422..426,
    ),
    (
        Whitespace(
            1,
        ),
        426..427,
    ),
    (
        Text(
            "can",
        ),
        427..430,
    ),
    (
        Whitespace(
            1,
        ),
        430..431,
    ),
    (
        Text(
            "have",
        ),
        431..435,
    ),
    (
        Whitespace(
            1,
        ),
        435..436,
    ),
    (
        Text(
            "mixed",
        ),
        436..441,
    ),
    (
        Whitespace(
            1,
        ),
        441..442,
    ),
    (
        Text(
            "content",
        ),
        442..449,
    ),
    (
        Colon,
        449..450,
    ),
    (
        Whitespace(
            1,
        ),
        450..451,
    ),
    (
        Text(
            "The",
        ),
        451..454,
    ),
    (
        Whitespace(
            1,
        ),
        454..455,
    ),
    (
        Text(
            "quick",
        ),
        455..460,
    ),
    (
        Whitespace(
            1,
        ),
        460..461,
    ),
    (
        Text(
            "brown",
        ),
        461..466,
    ),
    (
        Whitespace(
            1,
        ),
        466..467,
    ),
    (
        Text(
            "fox",
        ),
        467..470,
    ),
    (
        Whitespace(
            1,
        ),
        470..471,
    ),
    (
        Text(
            "jumps",
        ),
        471..476,
    ),
    (
        Whitespace(
            1,
        ),
        476..477,
    ),
    (
        Text(
            "over",
        ),
        477..481,
    ),
    (
        Whitespace(
            1,
        ),
        481..482,
    ),
    (
        Text(
            "the",
        ),
        482..485,
    ),
    (
        Whitespace(
            1,
        ),
        485..486,
    ),
    (
        Text(
            "lazy",
        ),
        486..490,
    ),
    (
        Whitespace(
            1,
        ),
        490..491,
    ),
    (
        Text(
            "dog",
        ),
        491..494,
    ),
    (
        Period,
        494..495,
    ),
    (
        Whitespace(
            1,
        ),
        495..496,
    ),
    (
        Number(
            "123",
        ),
        496..499,
    ),
    (
        Whitespace(
            1,
        ),
        499..500,
    ),
    (
        Text(
            "ABC",
        ),
        500..503,
    ),
    (
        Whitespace(
            1,
        ),
        503..504,
    ),
    (
        Text(
            "def",
        ),
        504..507,
    ),
    (
        ExclamationMark,
        507..508,
    ),
    (
        Whitespace(
            1,
        ),
        508..509,
    ),
    (
        Text(
            "{{paragraph}}",
        ),
        509..522,
    ),
    (
        BlankLine(
            Some(
                "\n",
            ),
        ),
        522..523,
    ),
]
