---
source: lex-parser/tests/tokenizer_elements.rs
expression: tokens
---
[
    (
        Text(
            "Test",
        ),
        0..4,
    ),
    (
        Colon,
        4..5,
    ),
    (
        BlankLine(
            Some(
                "\n",
            ),
        ),
        5..6,
    ),
    (
        BlankLine(
            Some(
                "\n",
            ),
        ),
        6..7,
    ),
    (
        Text(
            "a",
        ),
        7..8,
    ),
    (
        Period,
        8..9,
    ),
    (
        Whitespace(
            1,
        ),
        9..10,
    ),
    (
        Text(
            "First",
        ),
        10..15,
    ),
    (
        Whitespace(
            1,
        ),
        15..16,
    ),
    (
        Text(
            "letter",
        ),
        16..22,
    ),
    (
        Whitespace(
            1,
        ),
        22..23,
    ),
    (
        Text(
            "item",
        ),
        23..27,
    ),
    (
        BlankLine(
            Some(
                "\n",
            ),
        ),
        27..28,
    ),
    (
        Text(
            "b",
        ),
        28..29,
    ),
    (
        Period,
        29..30,
    ),
    (
        Whitespace(
            1,
        ),
        30..31,
    ),
    (
        Text(
            "Second",
        ),
        31..37,
    ),
    (
        Whitespace(
            1,
        ),
        37..38,
    ),
    (
        Text(
            "letter",
        ),
        38..44,
    ),
    (
        Whitespace(
            1,
        ),
        44..45,
    ),
    (
        Text(
            "item",
        ),
        45..49,
    ),
    (
        BlankLine(
            Some(
                "\n",
            ),
        ),
        49..50,
    ),
    (
        Text(
            "c",
        ),
        50..51,
    ),
    (
        Period,
        51..52,
    ),
    (
        Whitespace(
            1,
        ),
        52..53,
    ),
    (
        Text(
            "Third",
        ),
        53..58,
    ),
    (
        Whitespace(
            1,
        ),
        58..59,
    ),
    (
        Text(
            "letter",
        ),
        59..65,
    ),
    (
        Whitespace(
            1,
        ),
        65..66,
    ),
    (
        Text(
            "item",
        ),
        66..70,
    ),
    (
        BlankLine(
            Some(
                "\n",
            ),
        ),
        70..71,
    ),
]
