---
source: lex-parser/tests/tokenizer_elements.rs
expression: tokens
---
[
    (
        LexMarker,
        0..2,
    ),
    (
        Whitespace(
            1,
        ),
        2..3,
    ),
    (
        Text(
            "note",
        ),
        3..7,
    ),
    (
        Whitespace(
            1,
        ),
        7..8,
    ),
    (
        LexMarker,
        8..10,
    ),
    (
        BlankLine(
            Some(
                "\n",
            ),
        ),
        10..11,
    ),
]
