---
source: lex-parser/tests/tokenizer_documents.rs
expression: tokens
---
[
    (
        Text(
            "Lists",
        ),
        0..5,
    ),
    (
        Whitespace(
            1,
        ),
        5..6,
    ),
    (
        Text(
            "Only",
        ),
        6..10,
    ),
    (
        Whitespace(
            1,
        ),
        10..11,
    ),
    (
        Text(
            "Test",
        ),
        11..15,
    ),
    (
        Whitespace(
            1,
        ),
        15..16,
    ),
    (
        Text(
            "{{paragraph}}",
        ),
        16..29,
    ),
    (
        BlankLine(
            Some(
                "\n",
            ),
        ),
        29..30,
    ),
    (
        BlankLine(
            Some(
                "\n",
            ),
        ),
        30..31,
    ),
    (
        Text(
            "This",
        ),
        31..35,
    ),
    (
        Whitespace(
            1,
        ),
        35..36,
    ),
    (
        Text(
            "document",
        ),
        36..44,
    ),
    (
        Whitespace(
            1,
        ),
        44..45,
    ),
    (
        Text(
            "tests",
        ),
        45..50,
    ),
    (
        Whitespace(
            1,
        ),
        50..51,
    ),
    (
        Text(
            "various",
        ),
        51..58,
    ),
    (
        Whitespace(
            1,
        ),
        58..59,
    ),
    (
        Text(
            "list",
        ),
        59..63,
    ),
    (
        Whitespace(
            1,
        ),
        63..64,
    ),
    (
        Text(
            "formats",
        ),
        64..71,
    ),
    (
        Whitespace(
            1,
        ),
        71..72,
    ),
    (
        Text(
            "and",
        ),
        72..75,
    ),
    (
        Whitespace(
            1,
        ),
        75..76,
    ),
    (
        Text(
            "decorations",
        ),
        76..87,
    ),
    (
        Period,
        87..88,
    ),
    (
        Whitespace(
            1,
        ),
        88..89,
    ),
    (
        Text(
            "{{paragraph}}",
        ),
        89..102,
    ),
    (
        BlankLine(
            Some(
                "\n",
            ),
        ),
        102..103,
    ),
    (
        BlankLine(
            Some(
                "\n",
            ),
        ),
        103..104,
    ),
    (
        Text(
            "Plain",
        ),
        104..109,
    ),
    (
        Whitespace(
            1,
        ),
        109..110,
    ),
    (
        Text(
            "dash",
        ),
        110..114,
    ),
    (
        Whitespace(
            1,
        ),
        114..115,
    ),
    (
        Text(
            "lists",
        ),
        115..120,
    ),
    (
        Colon,
        120..121,
    ),
    (
        Whitespace(
            1,
        ),
        121..122,
    ),
    (
        Text(
            "{{paragraph}}",
        ),
        122..135,
    ),
    (
        BlankLine(
            Some(
                "\n",
            ),
        ),
        135..136,
    ),
    (
        BlankLine(
            Some(
                "\n",
            ),
        ),
        136..137,
    ),
    (
        Dash,
        137..138,
    ),
    (
        Whitespace(
            1,
        ),
        138..139,
    ),
    (
        Text(
            "First",
        ),
        139..144,
    ),
    (
        Whitespace(
            1,
        ),
        144..145,
    ),
    (
        Text(
            "item",
        ),
        145..149,
    ),
    (
        Whitespace(
            1,
        ),
        149..150,
    ),
    (
        Text(
            "{{list",
        ),
        150..156,
    ),
    (
        Dash,
        156..157,
    ),
    (
        Text(
            "item}}",
        ),
        157..163,
    ),
    (
        BlankLine(
            Some(
                "\n",
            ),
        ),
        163..164,
    ),
    (
        Dash,
        164..165,
    ),
    (
        Whitespace(
            1,
        ),
        165..166,
    ),
    (
        Text(
            "Second",
        ),
        166..172,
    ),
    (
        Whitespace(
            1,
        ),
        172..173,
    ),
    (
        Text(
            "item",
        ),
        173..177,
    ),
    (
        Whitespace(
            1,
        ),
        177..178,
    ),
    (
        Text(
            "{{list",
        ),
        178..184,
    ),
    (
        Dash,
        184..185,
    ),
    (
        Text(
            "item}}",
        ),
        185..191,
    ),
    (
        BlankLine(
            Some(
                "\n",
            ),
        ),
        191..192,
    ),
    (
        Dash,
        192..193,
    ),
    (
        Whitespace(
            1,
        ),
        193..194,
    ),
    (
        Text(
            "Third",
        ),
        194..199,
    ),
    (
        Whitespace(
            1,
        ),
        199..200,
    ),
    (
        Text(
            "item",
        ),
        200..204,
    ),
    (
        Whitespace(
            1,
        ),
        204..205,
    ),
    (
        Text(
            "{{list",
        ),
        205..211,
    ),
    (
        Dash,
        211..212,
    ),
    (
        Text(
            "item}}",
        ),
        212..218,
    ),
    (
        BlankLine(
            Some(
                "\n",
            ),
        ),
        218..219,
    ),
    (
        BlankLine(
            Some(
                "\n",
            ),
        ),
        219..220,
    ),
    (
        Text(
            "Numerical",
        ),
        220..229,
    ),
    (
        Whitespace(
            1,
        ),
        229..230,
    ),
    (
        Text(
            "lists",
        ),
        230..235,
    ),
    (
        Colon,
        235..236,
    ),
    (
        Whitespace(
            1,
        ),
        236..237,
    ),
    (
        Text(
            "{{paragraph}}",
        ),
        237..250,
    ),
    (
        BlankLine(
            Some(
                "\n",
            ),
        ),
        250..251,
    ),
    (
        BlankLine(
            Some(
                "\n",
            ),
        ),
        251..252,
    ),
    (
        Number(
            "1",
        ),
        252..253,
    ),
    (
        Period,
        253..254,
    ),
    (
        Whitespace(
            1,
        ),
        254..255,
    ),
    (
        Text(
            "First",
        ),
        255..260,
    ),
    (
        Whitespace(
            1,
        ),
        260..261,
    ),
    (
        Text(
            "numbered",
        ),
        261..269,
    ),
    (
        Whitespace(
            1,
        ),
        269..270,
    ),
    (
        Text(
            "item",
        ),
        270..274,
    ),
    (
        Whitespace(
            1,
        ),
        274..275,
    ),
    (
        Text(
            "{{list",
        ),
        275..281,
    ),
    (
        Dash,
        281..282,
    ),
    (
        Text(
            "item}}",
        ),
        282..288,
    ),
    (
        BlankLine(
            Some(
                "\n",
            ),
        ),
        288..289,
    ),
    (
        Number(
            "2",
        ),
        289..290,
    ),
    (
        Period,
        290..291,
    ),
    (
        Whitespace(
            1,
        ),
        291..292,
    ),
    (
        Text(
            "Second",
        ),
        292..298,
    ),
    (
        Whitespace(
            1,
        ),
        298..299,
    ),
    (
        Text(
            "numbered",
        ),
        299..307,
    ),
    (
        Whitespace(
            1,
        ),
        307..308,
    ),
    (
        Text(
            "item",
        ),
        308..312,
    ),
    (
        Whitespace(
            1,
        ),
        312..313,
    ),
    (
        Text(
            "{{list",
        ),
        313..319,
    ),
    (
        Dash,
        319..320,
    ),
    (
        Text(
            "item}}",
        ),
        320..326,
    ),
    (
        BlankLine(
            Some(
                "\n",
            ),
        ),
        326..327,
    ),
    (
        Number(
            "3",
        ),
        327..328,
    ),
    (
        Period,
        328..329,
    ),
    (
        Whitespace(
            1,
        ),
        329..330,
    ),
    (
        Text(
            "Third",
        ),
        330..335,
    ),
    (
        Whitespace(
            1,
        ),
        335..336,
    ),
    (
        Text(
            "numbered",
        ),
        336..344,
    ),
    (
        Whitespace(
            1,
        ),
        344..345,
    ),
    (
        Text(
            "item",
        ),
        345..349,
    ),
    (
        Whitespace(
            1,
        ),
        349..350,
    ),
    (
        Text(
            "{{list",
        ),
        350..356,
    ),
    (
        Dash,
        356..357,
    ),
    (
        Text(
            "item}}",
        ),
        357..363,
    ),
    (
        BlankLine(
            Some(
                "\n",
            ),
        ),
        363..364,
    ),
    (
        BlankLine(
            Some(
                "\n",
            ),
        ),
        364..365,
    ),
    (
        Text(
            "Alphabetical",
        ),
        365..377,
    ),
    (
        Whitespace(
            1,
        ),
        377..378,
    ),
    (
        Text(
            "lists",
        ),
        378..383,
    ),
    (
        Colon,
        383..384,
    ),
    (
        Whitespace(
            1,
        ),
        384..385,
    ),
    (
        Text(
            "{{paragraph}}",
        ),
        385..398,
    ),
    (
        BlankLine(
            Some(
                "\n",
            ),
        ),
        398..399,
    ),
    (
        BlankLine(
            Some(
                "\n",
            ),
        ),
        399..400,
    ),
    (
        Text(
            "a",
        ),
        400..401,
    ),
    (
        Period,
        401..402,
    ),
    (
        Whitespace(
            1,
        ),
        402..403,
    ),
    (
        Text(
            "First",
        ),
        403..408,
    ),
    (
        Whitespace(
            1,
        ),
        408..409,
    ),
    (
        Text(
            "letter",
        ),
        409..415,
    ),
    (
        Whitespace(
            1,
        ),
        415..416,
    ),
    (
        Text(
            "item",
        ),
        416..420,
    ),
    (
        Whitespace(
            1,
        ),
        420..421,
    ),
    (
        Text(
            "{{list",
        ),
        421..427,
    ),
    (
        Dash,
        427..428,
    ),
    (
        Text(
            "item}}",
        ),
        428..434,
    ),
    (
        BlankLine(
            Some(
                "\n",
            ),
        ),
        434..435,
    ),
    (
        Text(
            "b",
        ),
        435..436,
    ),
    (
        Period,
        436..437,
    ),
    (
        Whitespace(
            1,
        ),
        437..438,
    ),
    (
        Text(
            "Second",
        ),
        438..444,
    ),
    (
        Whitespace(
            1,
        ),
        444..445,
    ),
    (
        Text(
            "letter",
        ),
        445..451,
    ),
    (
        Whitespace(
            1,
        ),
        451..452,
    ),
    (
        Text(
            "item",
        ),
        452..456,
    ),
    (
        Whitespace(
            1,
        ),
        456..457,
    ),
    (
        Text(
            "{{list",
        ),
        457..463,
    ),
    (
        Dash,
        463..464,
    ),
    (
        Text(
            "item}}",
        ),
        464..470,
    ),
    (
        BlankLine(
            Some(
                "\n",
            ),
        ),
        470..471,
    ),
    (
        Text(
            "c",
        ),
        471..472,
    ),
    (
        Period,
        472..473,
    ),
    (
        Whitespace(
            1,
        ),
        473..474,
    ),
    (
        Text(
            "Third",
        ),
        474..479,
    ),
    (
        Whitespace(
            1,
        ),
        479..480,
    ),
    (
        Text(
            "letter",
        ),
        480..486,
    ),
    (
        Whitespace(
            1,
        ),
        486..487,
    ),
    (
        Text(
            "item",
        ),
        487..491,
    ),
    (
        Whitespace(
            1,
        ),
        491..492,
    ),
    (
        Text(
            "{{list",
        ),
        492..498,
    ),
    (
        Dash,
        498..499,
    ),
    (
        Text(
            "item}}",
        ),
        499..505,
    ),
    (
        BlankLine(
            Some(
                "\n",
            ),
        ),
        505..506,
    ),
    (
        BlankLine(
            Some(
                "\n",
            ),
        ),
        506..507,
    ),
    (
        Text(
            "Mixed",
        ),
        507..512,
    ),
    (
        Whitespace(
            1,
        ),
        512..513,
    ),
    (
        Text(
            "decoration",
        ),
        513..523,
    ),
    (
        Whitespace(
            1,
        ),
        523..524,
    ),
    (
        Text(
            "lists",
        ),
        524..529,
    ),
    (
        Whitespace(
            1,
        ),
        529..530,
    ),
    (
        OpenParen,
        530..531,
    ),
    (
        Text(
            "style",
        ),
        531..536,
    ),
    (
        Whitespace(
            1,
        ),
        536..537,
    ),
    (
        Text(
            "defined",
        ),
        537..544,
    ),
    (
        Whitespace(
            1,
        ),
        544..545,
    ),
    (
        Text(
            "by",
        ),
        545..547,
    ),
    (
        Whitespace(
            1,
        ),
        547..548,
    ),
    (
        Text(
            "first",
        ),
        548..553,
    ),
    (
        Whitespace(
            1,
        ),
        553..554,
    ),
    (
        Text(
            "item",
        ),
        554..558,
    ),
    (
        CloseParen,
        558..559,
    ),
    (
        Colon,
        559..560,
    ),
    (
        Whitespace(
            1,
        ),
        560..561,
    ),
    (
        Text(
            "{{paragraph}}",
        ),
        561..574,
    ),
    (
        BlankLine(
            Some(
                "\n",
            ),
        ),
        574..575,
    ),
    (
        BlankLine(
            Some(
                "\n",
            ),
        ),
        575..576,
    ),
    (
        Number(
            "1",
        ),
        576..577,
    ),
    (
        Period,
        577..578,
    ),
    (
        Whitespace(
            1,
        ),
        578..579,
    ),
    (
        Text(
            "First",
        ),
        579..584,
    ),
    (
        Whitespace(
            1,
        ),
        584..585,
    ),
    (
        Text(
            "item",
        ),
        585..589,
    ),
    (
        Whitespace(
            1,
        ),
        589..590,
    ),
    (
        Text(
            "{{list",
        ),
        590..596,
    ),
    (
        Dash,
        596..597,
    ),
    (
        Text(
            "item}}",
        ),
        597..603,
    ),
    (
        BlankLine(
            Some(
                "\n",
            ),
        ),
        603..604,
    ),
    (
        Dash,
        604..605,
    ),
    (
        Whitespace(
            1,
        ),
        605..606,
    ),
    (
        Text(
            "Second",
        ),
        606..612,
    ),
    (
        Whitespace(
            1,
        ),
        612..613,
    ),
    (
        Text(
            "item",
        ),
        613..617,
    ),
    (
        Whitespace(
            1,
        ),
        617..618,
    ),
    (
        Text(
            "{{list",
        ),
        618..624,
    ),
    (
        Dash,
        624..625,
    ),
    (
        Text(
            "item}}",
        ),
        625..631,
    ),
    (
        BlankLine(
            Some(
                "\n",
            ),
        ),
        631..632,
    ),
    (
        Text(
            "a",
        ),
        632..633,
    ),
    (
        Period,
        633..634,
    ),
    (
        Whitespace(
            1,
        ),
        634..635,
    ),
    (
        Text(
            "Third",
        ),
        635..640,
    ),
    (
        Whitespace(
            1,
        ),
        640..641,
    ),
    (
        Text(
            "item",
        ),
        641..645,
    ),
    (
        Whitespace(
            1,
        ),
        645..646,
    ),
    (
        Text(
            "{{list",
        ),
        646..652,
    ),
    (
        Dash,
        652..653,
    ),
    (
        Text(
            "item}}",
        ),
        653..659,
    ),
    (
        BlankLine(
            Some(
                "\n",
            ),
        ),
        659..660,
    ),
    (
        BlankLine(
            Some(
                "\n",
            ),
        ),
        660..661,
    ),
    (
        Text(
            "Parenthetical",
        ),
        661..674,
    ),
    (
        Whitespace(
            1,
        ),
        674..675,
    ),
    (
        Text(
            "numbering",
        ),
        675..684,
    ),
    (
        Colon,
        684..685,
    ),
    (
        Whitespace(
            1,
        ),
        685..686,
    ),
    (
        Text(
            "{{paragraph}}",
        ),
        686..699,
    ),
    (
        BlankLine(
            Some(
                "\n",
            ),
        ),
        699..700,
    ),
    (
        BlankLine(
            Some(
                "\n",
            ),
        ),
        700..701,
    ),
    (
        OpenParen,
        701..702,
    ),
    (
        Number(
            "1",
        ),
        702..703,
    ),
    (
        CloseParen,
        703..704,
    ),
    (
        Whitespace(
            1,
        ),
        704..705,
    ),
    (
        Text(
            "First",
        ),
        705..710,
    ),
    (
        Whitespace(
            1,
        ),
        710..711,
    ),
    (
        Text(
            "parenthetical",
        ),
        711..724,
    ),
    (
        Whitespace(
            1,
        ),
        724..725,
    ),
    (
        Text(
            "item",
        ),
        725..729,
    ),
    (
        Whitespace(
            1,
        ),
        729..730,
    ),
    (
        Text(
            "{{list",
        ),
        730..736,
    ),
    (
        Dash,
        736..737,
    ),
    (
        Text(
            "item}}",
        ),
        737..743,
    ),
    (
        BlankLine(
            Some(
                "\n",
            ),
        ),
        743..744,
    ),
    (
        OpenParen,
        744..745,
    ),
    (
        Number(
            "2",
        ),
        745..746,
    ),
    (
        CloseParen,
        746..747,
    ),
    (
        Whitespace(
            1,
        ),
        747..748,
    ),
    (
        Text(
            "Second",
        ),
        748..754,
    ),
    (
        Whitespace(
            1,
        ),
        754..755,
    ),
    (
        Text(
            "parenthetical",
        ),
        755..768,
    ),
    (
        Whitespace(
            1,
        ),
        768..769,
    ),
    (
        Text(
            "item",
        ),
        769..773,
    ),
    (
        Whitespace(
            1,
        ),
        773..774,
    ),
    (
        Text(
            "{{list",
        ),
        774..780,
    ),
    (
        Dash,
        780..781,
    ),
    (
        Text(
            "item}}",
        ),
        781..787,
    ),
    (
        BlankLine(
            Some(
                "\n",
            ),
        ),
        787..788,
    ),
    (
        OpenParen,
        788..789,
    ),
    (
        Number(
            "3",
        ),
        789..790,
    ),
    (
        CloseParen,
        790..791,
    ),
    (
        Whitespace(
            1,
        ),
        791..792,
    ),
    (
        Text(
            "Third",
        ),
        792..797,
    ),
    (
        Whitespace(
            1,
        ),
        797..798,
    ),
    (
        Text(
            "parenthetical",
        ),
        798..811,
    ),
    (
        Whitespace(
            1,
        ),
        811..812,
    ),
    (
        Text(
            "item",
        ),
        812..816,
    ),
    (
        Whitespace(
            1,
        ),
        816..817,
    ),
    (
        Text(
            "{{list",
        ),
        817..823,
    ),
    (
        Dash,
        823..824,
    ),
    (
        Text(
            "item}}",
        ),
        824..830,
    ),
    (
        BlankLine(
            Some(
                "\n",
            ),
        ),
        830..831,
    ),
    (
        BlankLine(
            Some(
                "\n",
            ),
        ),
        831..832,
    ),
    (
        Text(
            "Roman",
        ),
        832..837,
    ),
    (
        Whitespace(
            1,
        ),
        837..838,
    ),
    (
        Text(
            "numerals",
        ),
        838..846,
    ),
    (
        Colon,
        846..847,
    ),
    (
        Whitespace(
            1,
        ),
        847..848,
    ),
    (
        Text(
            "{{paragraph}}",
        ),
        848..861,
    ),
    (
        BlankLine(
            Some(
                "\n",
            ),
        ),
        861..862,
    ),
    (
        BlankLine(
            Some(
                "\n",
            ),
        ),
        862..863,
    ),
    (
        Text(
            "I",
        ),
        863..864,
    ),
    (
        Period,
        864..865,
    ),
    (
        Whitespace(
            1,
        ),
        865..866,
    ),
    (
        Text(
            "First",
        ),
        866..871,
    ),
    (
        Whitespace(
            1,
        ),
        871..872,
    ),
    (
        Text(
            "roman",
        ),
        872..877,
    ),
    (
        Whitespace(
            1,
        ),
        877..878,
    ),
    (
        Text(
            "item",
        ),
        878..882,
    ),
    (
        Whitespace(
            1,
        ),
        882..883,
    ),
    (
        Text(
            "{{list",
        ),
        883..889,
    ),
    (
        Dash,
        889..890,
    ),
    (
        Text(
            "item}}",
        ),
        890..896,
    ),
    (
        BlankLine(
            Some(
                "\n",
            ),
        ),
        896..897,
    ),
    (
        Text(
            "II",
        ),
        897..899,
    ),
    (
        Period,
        899..900,
    ),
    (
        Whitespace(
            1,
        ),
        900..901,
    ),
    (
        Text(
            "Second",
        ),
        901..907,
    ),
    (
        Whitespace(
            1,
        ),
        907..908,
    ),
    (
        Text(
            "roman",
        ),
        908..913,
    ),
    (
        Whitespace(
            1,
        ),
        913..914,
    ),
    (
        Text(
            "item",
        ),
        914..918,
    ),
    (
        Whitespace(
            1,
        ),
        918..919,
    ),
    (
        Text(
            "{{list",
        ),
        919..925,
    ),
    (
        Dash,
        925..926,
    ),
    (
        Text(
            "item}}",
        ),
        926..932,
    ),
    (
        BlankLine(
            Some(
                "\n",
            ),
        ),
        932..933,
    ),
    (
        Text(
            "III",
        ),
        933..936,
    ),
    (
        Period,
        936..937,
    ),
    (
        Whitespace(
            1,
        ),
        937..938,
    ),
    (
        Text(
            "Third",
        ),
        938..943,
    ),
    (
        Whitespace(
            1,
        ),
        943..944,
    ),
    (
        Text(
            "roman",
        ),
        944..949,
    ),
    (
        Whitespace(
            1,
        ),
        949..950,
    ),
    (
        Text(
            "item",
        ),
        950..954,
    ),
    (
        Whitespace(
            1,
        ),
        954..955,
    ),
    (
        Text(
            "{{list",
        ),
        955..961,
    ),
    (
        Dash,
        961..962,
    ),
    (
        Text(
            "item}}",
        ),
        962..968,
    ),
    (
        BlankLine(
            Some(
                "\n",
            ),
        ),
        968..969,
    ),
    (
        BlankLine(
            Some(
                "\n",
            ),
        ),
        969..970,
    ),
    (
        Text(
            "Lists",
        ),
        970..975,
    ),
    (
        Whitespace(
            1,
        ),
        975..976,
    ),
    (
        Text(
            "with",
        ),
        976..980,
    ),
    (
        Whitespace(
            1,
        ),
        980..981,
    ),
    (
        Text(
            "longer",
        ),
        981..987,
    ),
    (
        Whitespace(
            1,
        ),
        987..988,
    ),
    (
        Text(
            "content",
        ),
        988..995,
    ),
    (
        Colon,
        995..996,
    ),
    (
        Whitespace(
            1,
        ),
        996..997,
    ),
    (
        Text(
            "{{paragraph}}",
        ),
        997..1010,
    ),
    (
        BlankLine(
            Some(
                "\n",
            ),
        ),
        1010..1011,
    ),
    (
        BlankLine(
            Some(
                "\n",
            ),
        ),
        1011..1012,
    ),
    (
        Dash,
        1012..1013,
    ),
    (
        Whitespace(
            1,
        ),
        1013..1014,
    ),
    (
        Text(
            "This",
        ),
        1014..1018,
    ),
    (
        Whitespace(
            1,
        ),
        1018..1019,
    ),
    (
        Text(
            "is",
        ),
        1019..1021,
    ),
    (
        Whitespace(
            1,
        ),
        1021..1022,
    ),
    (
        Text(
            "a",
        ),
        1022..1023,
    ),
    (
        Whitespace(
            1,
        ),
        1023..1024,
    ),
    (
        Text(
            "longer",
        ),
        1024..1030,
    ),
    (
        Whitespace(
            1,
        ),
        1030..1031,
    ),
    (
        Text(
            "list",
        ),
        1031..1035,
    ),
    (
        Whitespace(
            1,
        ),
        1035..1036,
    ),
    (
        Text(
            "item",
        ),
        1036..1040,
    ),
    (
        Whitespace(
            1,
        ),
        1040..1041,
    ),
    (
        Text(
            "that",
        ),
        1041..1045,
    ),
    (
        Whitespace(
            1,
        ),
        1045..1046,
    ),
    (
        Text(
            "spans",
        ),
        1046..1051,
    ),
    (
        Whitespace(
            1,
        ),
        1051..1052,
    ),
    (
        Text(
            "multiple",
        ),
        1052..1060,
    ),
    (
        Whitespace(
            1,
        ),
        1060..1061,
    ),
    (
        Text(
            "lines",
        ),
        1061..1066,
    ),
    (
        Whitespace(
            1,
        ),
        1066..1067,
    ),
    (
        Text(
            "of",
        ),
        1067..1069,
    ),
    (
        Whitespace(
            1,
        ),
        1069..1070,
    ),
    (
        Text(
            "text",
        ),
        1070..1074,
    ),
    (
        Whitespace(
            1,
        ),
        1074..1075,
    ),
    (
        Text(
            "to",
        ),
        1075..1077,
    ),
    (
        Whitespace(
            1,
        ),
        1077..1078,
    ),
    (
        Text(
            "test",
        ),
        1078..1082,
    ),
    (
        Whitespace(
            1,
        ),
        1082..1083,
    ),
    (
        Text(
            "how",
        ),
        1083..1086,
    ),
    (
        Whitespace(
            1,
        ),
        1086..1087,
    ),
    (
        Text(
            "the",
        ),
        1087..1090,
    ),
    (
        Whitespace(
            1,
        ),
        1090..1091,
    ),
    (
        Text(
            "parser",
        ),
        1091..1097,
    ),
    (
        Whitespace(
            1,
        ),
        1097..1098,
    ),
    (
        Text(
            "handles",
        ),
        1098..1105,
    ),
    (
        Whitespace(
            1,
        ),
        1105..1106,
    ),
    (
        Text(
            "extended",
        ),
        1106..1114,
    ),
    (
        Whitespace(
            1,
        ),
        1114..1115,
    ),
    (
        Text(
            "content",
        ),
        1115..1122,
    ),
    (
        Whitespace(
            1,
        ),
        1122..1123,
    ),
    (
        Text(
            "within",
        ),
        1123..1129,
    ),
    (
        Whitespace(
            1,
        ),
        1129..1130,
    ),
    (
        Text(
            "list",
        ),
        1130..1134,
    ),
    (
        Whitespace(
            1,
        ),
        1134..1135,
    ),
    (
        Text(
            "items",
        ),
        1135..1140,
    ),
    (
        Period,
        1140..1141,
    ),
    (
        Whitespace(
            1,
        ),
        1141..1142,
    ),
    (
        Text(
            "{{list",
        ),
        1142..1148,
    ),
    (
        Dash,
        1148..1149,
    ),
    (
        Text(
            "item}}",
        ),
        1149..1155,
    ),
    (
        BlankLine(
            Some(
                "\n",
            ),
        ),
        1155..1156,
    ),
    (
        Dash,
        1156..1157,
    ),
    (
        Whitespace(
            1,
        ),
        1157..1158,
    ),
    (
        Text(
            "Another",
        ),
        1158..1165,
    ),
    (
        Whitespace(
            1,
        ),
        1165..1166,
    ),
    (
        Text(
            "longer",
        ),
        1166..1172,
    ),
    (
        Whitespace(
            1,
        ),
        1172..1173,
    ),
    (
        Text(
            "item",
        ),
        1173..1177,
    ),
    (
        Whitespace(
            1,
        ),
        1177..1178,
    ),
    (
        Text(
            "with",
        ),
        1178..1182,
    ),
    (
        Whitespace(
            1,
        ),
        1182..1183,
    ),
    (
        Text(
            "more",
        ),
        1183..1187,
    ),
    (
        Whitespace(
            1,
        ),
        1187..1188,
    ),
    (
        Text(
            "detailed",
        ),
        1188..1196,
    ),
    (
        Whitespace(
            1,
        ),
        1196..1197,
    ),
    (
        Text(
            "information",
        ),
        1197..1208,
    ),
    (
        Whitespace(
            1,
        ),
        1208..1209,
    ),
    (
        Text(
            "that",
        ),
        1209..1213,
    ),
    (
        Whitespace(
            1,
        ),
        1213..1214,
    ),
    (
        Text(
            "demonstrates",
        ),
        1214..1226,
    ),
    (
        Whitespace(
            1,
        ),
        1226..1227,
    ),
    (
        Text(
            "the",
        ),
        1227..1230,
    ),
    (
        Whitespace(
            1,
        ),
        1230..1231,
    ),
    (
        Text(
            "flexibility",
        ),
        1231..1242,
    ),
    (
        Whitespace(
            1,
        ),
        1242..1243,
    ),
    (
        Text(
            "of",
        ),
        1243..1245,
    ),
    (
        Whitespace(
            1,
        ),
        1245..1246,
    ),
    (
        Text(
            "the",
        ),
        1246..1249,
    ),
    (
        Whitespace(
            1,
        ),
        1249..1250,
    ),
    (
        Text(
            "list",
        ),
        1250..1254,
    ),
    (
        Whitespace(
            1,
        ),
        1254..1255,
    ),
    (
        Text(
            "format",
        ),
        1255..1261,
    ),
    (
        Period,
        1261..1262,
    ),
    (
        Whitespace(
            1,
        ),
        1262..1263,
    ),
    (
        Text(
            "{{list",
        ),
        1263..1269,
    ),
    (
        Dash,
        1269..1270,
    ),
    (
        Text(
            "item}}",
        ),
        1270..1276,
    ),
    (
        BlankLine(
            Some(
                "\n",
            ),
        ),
        1276..1277,
    ),
    (
        Dash,
        1277..1278,
    ),
    (
        Whitespace(
            1,
        ),
        1278..1279,
    ),
    (
        Text(
            "A",
        ),
        1279..1280,
    ),
    (
        Whitespace(
            1,
        ),
        1280..1281,
    ),
    (
        Text(
            "third",
        ),
        1281..1286,
    ),
    (
        Whitespace(
            1,
        ),
        1286..1287,
    ),
    (
        Text(
            "item",
        ),
        1287..1291,
    ),
    (
        Whitespace(
            1,
        ),
        1291..1292,
    ),
    (
        Text(
            "that",
        ),
        1292..1296,
    ),
    (
        Whitespace(
            1,
        ),
        1296..1297,
    ),
    (
        Text(
            "completes",
        ),
        1297..1306,
    ),
    (
        Whitespace(
            1,
        ),
        1306..1307,
    ),
    (
        Text(
            "this",
        ),
        1307..1311,
    ),
    (
        Whitespace(
            1,
        ),
        1311..1312,
    ),
    (
        Text(
            "test",
        ),
        1312..1316,
    ),
    (
        Whitespace(
            1,
        ),
        1316..1317,
    ),
    (
        Text(
            "of",
        ),
        1317..1319,
    ),
    (
        Whitespace(
            1,
        ),
        1319..1320,
    ),
    (
        Text(
            "longer",
        ),
        1320..1326,
    ),
    (
        Whitespace(
            1,
        ),
        1326..1327,
    ),
    (
        Text(
            "list",
        ),
        1327..1331,
    ),
    (
        Whitespace(
            1,
        ),
        1331..1332,
    ),
    (
        Text(
            "content",
        ),
        1332..1339,
    ),
    (
        Period,
        1339..1340,
    ),
    (
        Whitespace(
            1,
        ),
        1340..1341,
    ),
    (
        Text(
            "{{list",
        ),
        1341..1347,
    ),
    (
        Dash,
        1347..1348,
    ),
    (
        Text(
            "item}}",
        ),
        1348..1354,
    ),
    (
        BlankLine(
            Some(
                "\n",
            ),
        ),
        1354..1355,
    ),
]
