---
source: tests/tokenizer_elements.rs
expression: tokens
---
[
    (
        Text(
            "Code",
        ),
        0..4,
    ),
    (
        Whitespace(
            1,
        ),
        4..5,
    ),
    (
        Text(
            "Example",
        ),
        5..12,
    ),
    (
        Colon,
        12..13,
    ),
    (
        BlankLine(
            Some(
                "\n",
            ),
        ),
        13..14,
    ),
    (
        BlankLine(
            Some(
                "\n",
            ),
        ),
        14..15,
    ),
    (
        Indent(
            [
                (
                    Indentation,
                    15..19,
                ),
            ],
        ),
        0..0,
    ),
    (
        Text(
            "function",
        ),
        19..27,
    ),
    (
        Whitespace(
            1,
        ),
        27..28,
    ),
    (
        Text(
            "hello",
        ),
        28..33,
    ),
    (
        OpenParen,
        33..34,
    ),
    (
        CloseParen,
        34..35,
    ),
    (
        Whitespace(
            1,
        ),
        35..36,
    ),
    (
        Text(
            "{",
        ),
        36..37,
    ),
    (
        BlankLine(
            Some(
                "\n",
            ),
        ),
        37..38,
    ),
    (
        Indent(
            [
                (
                    Indentation,
                    42..46,
                ),
            ],
        ),
        0..0,
    ),
    (
        Text(
            "return",
        ),
        46..52,
    ),
    (
        Whitespace(
            1,
        ),
        52..53,
    ),
    (
        Quote,
        53..54,
    ),
    (
        Text(
            "world",
        ),
        54..59,
    ),
    (
        Quote,
        59..60,
    ),
    (
        Semicolon,
        60..61,
    ),
    (
        BlankLine(
            Some(
                "\n",
            ),
        ),
        61..62,
    ),
    (
        Dedent(
            [],
        ),
        0..0,
    ),
    (
        Text(
            "}",
        ),
        66..67,
    ),
    (
        BlankLine(
            Some(
                "\n",
            ),
        ),
        67..68,
    ),
    (
        BlankLine(
            Some(
                "\n",
            ),
        ),
        68..69,
    ),
    (
        Dedent(
            [],
        ),
        0..0,
    ),
    (
        LexMarker,
        69..71,
    ),
    (
        Whitespace(
            1,
        ),
        71..72,
    ),
    (
        Text(
            "javascript",
        ),
        72..82,
    ),
    (
        Whitespace(
            1,
        ),
        82..83,
    ),
    (
        LexMarker,
        83..85,
    ),
    (
        BlankLine(
            Some(
                "\n",
            ),
        ),
        85..86,
    ),
]
